Component: ARM Compiler 5.06 update 6 (build 750) Tool: armlink [4d35ed]

==============================================================================

Section Cross References

    system_lpc17xx.o(.text) refers to system_lpc17xx.o(.data) for .data
    startup_lpc17xx.o(STACK) refers (Special) to heapauxi.o(.text) for __use_two_region_memory
    startup_lpc17xx.o(HEAP) refers (Special) to heapauxi.o(.text) for __use_two_region_memory
    startup_lpc17xx.o(RESET) refers (Special) to heapauxi.o(.text) for __use_two_region_memory
    startup_lpc17xx.o(RESET) refers to startup_lpc17xx.o(STACK) for __initial_sp
    startup_lpc17xx.o(RESET) refers to startup_lpc17xx.o(.text) for Reset_Handler
    startup_lpc17xx.o(RESET) refers to main.o(.text) for SysTick_Handler
    startup_lpc17xx.o(.ARM.__at_0x02FC) refers (Special) to heapauxi.o(.text) for __use_two_region_memory
    startup_lpc17xx.o(.text) refers (Special) to heapauxi.o(.text) for __use_two_region_memory
    startup_lpc17xx.o(.text) refers to __main.o(!!!main) for __main
    startup_lpc17xx.o(.text) refers to startup_lpc17xx.o(HEAP) for Heap_Mem
    startup_lpc17xx.o(.text) refers to startup_lpc17xx.o(STACK) for Stack_Mem
    lpc17xx_sd.o(.text) refers to lpc17xx_spi.o(.text) for LPC17xx_SPI_RecvByte
    lpc17xx_sd.o(.text) refers to lpc17xx_sd.o(.data) for .data
    lpc17xx_sd.o(.text) refers to lpc17xx_sd.o(.bss) for .bss
    lpc17xx_uart.o(.text) refers to c89vsprintf.o(.text) for __c89vsprintf
    lpc17xx_uart.o(.text) refers to system_lpc17xx.o(.data) for SystemFrequency
    lpc17xx_uart.o(.text) refers to lpc17xx_uart.o(.bss) for .bss
    monitor.o(.text) refers to lpc17xx_uart.o(.text) for LPC17xx_UART_PutChar
    ff.o(.text) refers to lpc17xx_sd.o(.text) for disk_write
    ff.o(.text) refers to ccsbcs.o(.text) for ff_wtoupper
    ff.o(.text) refers to ff.o(.constdata) for .constdata
    ff.o(.text) refers to main.o(.text) for get_fattime
    ff.o(.text) refers to ff.o(.data) for .data
    ff.o(.text) refers to ff.o(.bss) for .bss
    ccsbcs.o(.text) refers to ccsbcs.o(.constdata) for .constdata
    main.o(.text) refers to uart.o(.text) for UART_Printf
    main.o(.text) refers to lpc17xx_rtc.o(.text) for rtc_gettime
    main.o(.text) refers to ff.o(.text) for f_read
    main.o(.text) refers to rt_memclr_w.o(.text) for __aeabi_memclr4
    main.o(.text) refers to lpc17xx_sd.o(.text) for disk_initialize
    main.o(.text) refers to main.o(.data) for .data
    main.o(.text) refers to main.o(.bss) for .bss
    main.o(.text) refers to rt_memcpy_w.o(.text) for __aeabi_memcpy4
    main.o(.text) refers to list.o(.text) for add_last
    main.o(.text) refers to system_lpc17xx.o(.text) for SystemInit
    main.o(.text) refers to system_lpc17xx.o(.data) for SystemFrequency
    uart.o(.text) refers to ffixu.o(x$fpl$ffixu) for __aeabi_f2uiz
    uart.o(.text) refers to fflt_clz.o(x$fpl$ffltu) for __aeabi_ui2f
    uart.o(.text) refers to faddsub_clz.o(x$fpl$frsb) for __aeabi_frsub
    uart.o(.text) refers to fmul.o(x$fpl$fmul) for __aeabi_fmul
    uart.o(.text) refers to d2f.o(x$fpl$d2f) for __aeabi_d2f
    uart.o(.text) refers to system_lpc17xx.o(.data) for SystemFrequency
    list.o(.text) refers to h1_alloc.o(.text) for malloc
    list.o(.text) refers to rt_memcpy_w.o(.text) for __aeabi_memcpy4
    malloc.o(.text) refers (Special) to hguard.o(.text) for __heap$guard
    malloc.o(.text) refers (Special) to init_alloc.o(.text) for _init_alloc
    malloc.o(.text) refers to rt_heap_descriptor_intlibspace.o(.text) for __rt_heap_descriptor
    malloc.o(.text) refers to heapstubs.o(.text) for __Heap_Alloc
    h1_alloc.o(.text) refers (Special) to h1_init.o(.text) for __Heap_Initialize
    h1_alloc.o(.text) refers to rt_heap_descriptor_intlibspace.o(.text) for __rt_heap_descriptor
    h1_alloc.o(.text) refers to init_alloc.o(.text) for __Heap_Full
    h1_alloc_mt.o(.text) refers (Special) to h1_init.o(.text) for __Heap_Initialize
    h1_alloc_mt.o(.text) refers to init_alloc.o(.text) for __Heap_Full
    h1_alloc_mt.o(.text) refers to rt_heap_descriptor_intlibspace.o(.text) for __rt_heap_descriptor
    heap2.o(i._FDIterate) refers to heap2.o(.conststring) for .conststring
    heap2.o(i.___Heap_ProvideMemory$realtime) refers to fdtree.o(i._FDTree_Delete) for _FDTree_Delete
    heap2.o(i.___Heap_ProvideMemory$realtime) refers to fdtree.o(i._FDTree_Insert) for _FDTree_Insert
    heap2.o(i.___Heap_Stats$realtime) refers to heap2.o(i._Heap2_StatsIterate) for _Heap2_StatsIterate
    heap2.o(i.___Heap_Valid$realtime) refers to heap2.o(i._FDIterate) for _FDIterate
    heap2.o(i.___Heap_Valid$realtime) refers to heap2.o(.conststring) for .conststring
    heap2.o(i._free$realtime) refers to rt_heap_descriptor_intlibspace.o(.text) for __rt_heap_descriptor
    heap2.o(i._free$realtime) refers to fdtree.o(i._FDTree_Delete) for _FDTree_Delete
    heap2.o(i._free$realtime) refers to fdtree.o(i._FDTree_Insert) for _FDTree_Insert
[...]
    defsig_rtmem_formal.o(.text) refers to rt_raise.o(.text) for __rt_raise
    heapauxa.o(.text) refers to heapauxa.o(.data) for .data
    argv_veneer.o(.emb_text) refers to no_argv.o(.text) for __ARM_get_argv
    sys_stackheap_outer.o(.text) refers to libspace.o(.text) for __user_perproc_libspace
    sys_stackheap_outer.o(.text) refers to startup_lpc17xx.o(.text) for __user_initial_stackheap
    rt_ctype_table.o(.text) refers to rt_locale_intlibspace.o(.text) for __rt_locale
    rt_ctype_table.o(.text) refers to lc_ctype_c.o(locale$$code) for _get_lc_ctype
    rt_raise.o(.text) refers to __raise.o(.text) for __raise
    rt_raise.o(.text) refers to sys_exit.o(.text) for _sys_exit
    rt_locale.o(.text) refers to rt_locale.o(.bss) for __rt_locale_data
    rt_locale_intlibspace.o(.text) refers to libspace.o(.bss) for __libspace_start
    term_alloc.o(.text) refers (Special) to libshutdown2.o(.ARM.Collect$$libshutdown$$0000000E) for __rt_lib_shutdown_heap_2
    term_alloc.o(.text) refers to rt_heap_descriptor_intlibspace.o(.text) for __rt_heap_descriptor
    term_alloc.o(.text) refers to h1_final.o(.text) for __Heap_Finalize
    _printf_fp_infnan.o(.text) refers (Weak) to _printf_pad.o(.text) for _printf_pre_padding
    _printf_fp_infnan.o(.text) refers (Weak) to _printf_pad.o(.text) for _printf_post_padding
    bigflt0.o(.text) refers (Special) to usenofp.o(x$fpl$usenofp) for __I$use$fp
    bigflt0.o(.text) refers to btod.o(CL$$btod_emul) for _btod_emul
    bigflt0.o(.text) refers to btod.o(CL$$btod_ediv) for _btod_ediv
    bigflt0.o(.text) refers to bigflt0.o(.constdata) for .constdata
    bigflt0.o(.constdata) refers (Special) to usenofp.o(x$fpl$usenofp) for __I$use$fp
    btod.o(CL$$btod_d2e) refers (Special) to usenofp.o(x$fpl$usenofp) for __I$use$fp
    btod.o(CL$$btod_d2e) refers to btod.o(CL$$btod_d2e_norm_op1) for _d2e_norm_op1
    btod.o(CL$$btod_d2e_norm_op1) refers (Special) to usenofp.o(x$fpl$usenofp) for __I$use$fp
    btod.o(CL$$btod_d2e_norm_op1) refers to btod.o(CL$$btod_d2e_denorm_low) for _d2e_denorm_low
    btod.o(CL$$btod_d2e_denorm_low) refers (Special) to usenofp.o(x$fpl$usenofp) for __I$use$fp
    btod.o(CL$$btod_emul) refers (Special) to usenofp.o(x$fpl$usenofp) for __I$use$fp
    btod.o(CL$$btod_emul) refers to btod.o(CL$$btod_mult_common) for __btod_mult_common
    btod.o(CL$$btod_emul) refers to btod.o(CL$$btod_e2e) for _e2e
    btod.o(CL$$btod_ediv) refers (Special) to usenofp.o(x$fpl$usenofp) for __I$use$fp
    btod.o(CL$$btod_ediv) refers to btod.o(CL$$btod_div_common) for __btod_div_common
    btod.o(CL$$btod_ediv) refers to btod.o(CL$$btod_e2e) for _e2e
    btod.o(CL$$btod_emuld) refers (Special) to usenofp.o(x$fpl$usenofp) for __I$use$fp
    btod.o(CL$$btod_emuld) refers to btod.o(CL$$btod_mult_common) for __btod_mult_common
    btod.o(CL$$btod_emuld) refers to btod.o(CL$$btod_e2d) for _e2d
    btod.o(CL$$btod_edivd) refers (Special) to usenofp.o(x$fpl$usenofp) for __I$use$fp
    btod.o(CL$$btod_edivd) refers to btod.o(CL$$btod_div_common) for __btod_div_common
    btod.o(CL$$btod_edivd) refers to btod.o(CL$$btod_e2d) for _e2d
    btod.o(CL$$btod_e2e) refers (Special) to usenofp.o(x$fpl$usenofp) for __I$use$fp
    btod.o(CL$$btod_e2d) refers (Special) to usenofp.o(x$fpl$usenofp) for __I$use$fp
    btod.o(CL$$btod_e2d) refers to btod.o(CL$$btod_e2e) for _e2e
    btod.o(CL$$btod_mult_common) refers (Special) to usenofp.o(x$fpl$usenofp) for __I$use$fp
    btod.o(CL$$btod_div_common) refers (Special) to usenofp.o(x$fpl$usenofp) for __I$use$fp
    lc_numeric_c.o(locale$$data) refers (Special) to libinit2.o(.ARM.Collect$$libinit$$00000016) for __rt_lib_init_lc_numeric_2
    lc_numeric_c.o(locale$$code) refers (Special) to libinit2.o(.ARM.Collect$$libinit$$00000016) for __rt_lib_init_lc_numeric_2
    lc_numeric_c.o(locale$$code) refers to strcmpv7m.o(.text) for strcmp
    lc_numeric_c.o(locale$$code) refers to lc_numeric_c.o(locale$$data) for __lcnum_c_name
    exit.o(.text) refers to rtexit.o(.ARM.Collect$$rtexit$$00000000) for __rt_exit
    defsig_exit.o(.text) refers to sys_exit.o(.text) for _sys_exit
    defsig_rtmem_inner.o(.text) refers to defsig_general.o(.text) for __default_signal_display
    _get_argv_nomalloc.o(.text) refers (Special) to hrguard.o(.text) for __heap_region$guard
    _get_argv_nomalloc.o(.text) refers to defsig_rtmem_outer.o(.text) for __rt_SIGRTMEM
    _get_argv_nomalloc.o(.text) refers to sys_command.o(.text) for _sys_command_string
    libinit.o(.ARM.Collect$$libinit$$00000000) refers (Special) to libinit2.o(.ARM.Collect$$libinit$$0000002E) for __rt_lib_init_alloca_1
    libinit.o(.ARM.Collect$$libinit$$00000000) refers (Special) to libinit2.o(.ARM.Collect$$libinit$$0000002C) for __rt_lib_init_argv_1
    libinit.o(.ARM.Collect$$libinit$$00000000) refers (Special) to libinit2.o(.ARM.Collect$$libinit$$0000001B) for __rt_lib_init_atexit_1
    libinit.o(.ARM.Collect$$libinit$$00000000) refers (Special) to libinit2.o(.ARM.Collect$$libinit$$00000021) for __rt_lib_init_clock_1
    libinit.o(.ARM.Collect$$libinit$$00000000) refers (Special) to libinit2.o(.ARM.Collect$$libinit$$00000032) for __rt_lib_init_cpp_1
    libinit.o(.ARM.Collect$$libinit$$00000000) refers (Special) to libinit2.o(.ARM.Collect$$libinit$$00000030) for __rt_lib_init_exceptions_1
    libinit.o(.ARM.Collect$$libinit$$00000000) refers (Special) to libinit2.o(.ARM.Collect$$libinit$$00000002) for __rt_lib_init_fp_1
    libinit.o(.ARM.Collect$$libinit$$00000000) refers (Special) to libinit2.o(.ARM.Collect$$libinit$$0000001F) for __rt_lib_init_fp_trap_1
    libinit.o(.ARM.Collect$$libinit$$00000000) refers (Special) to libinit2.o(.ARM.Collect$$libinit$$00000023) for __rt_lib_init_getenv_1
    libinit.o(.ARM.Collect$$libinit$$00000000) refers (Special) to libinit2.o(.ARM.Collect$$libinit$$0000000A) for __rt_lib_init_heap_1
    libinit.o(.ARM.Collect$$libinit$$00000000) refers (Special) to libinit2.o(.ARM.Collect$$libinit$$00000011) for __rt_lib_init_lc_collate_1
    libinit.o(.ARM.Collect$$libinit$$00000000) refers (Special) to libinit2.o(.ARM.Collect$$libinit$$00000013) for __rt_lib_init_lc_ctype_1
    libinit.o(.ARM.Collect$$libinit$$00000000) refers (Special) to libinit2.o(.ARM.Collect$$libinit$$00000015) for __rt_lib_init_lc_monetary_1
    libinit.o(.ARM.Collect$$libinit$$00000000) refers (Special) to libinit2.o(.ARM.Collect$$libinit$$00000017) for __rt_lib_init_lc_numeric_1
    libinit.o(.ARM.Collect$$libinit$$00000000) refers (Special) to libinit2.o(.ARM.Collect$$libinit$$00000019) for __rt_lib_init_lc_time_1
    libinit.o(.ARM.Collect$$libinit$$00000000) refers (Special) to libinit2.o(.ARM.Collect$$libinit$$00000004) for __rt_lib_init_preinit_1
    libinit.o(.ARM.Collect$$libinit$$00000000) refers (Special) to libinit2.o(.ARM.Collect$$libinit$$0000000E) for __rt_lib_init_rand_1
    libinit.o(.ARM.Collect$$libinit$$00000000) refers (Special) to libinit2.o(.ARM.Collect$$libinit$$00000033) for __rt_lib_init_return
    libinit.o(.ARM.Collect$$libinit$$00000000) refers (Special) to libinit2.o(.ARM.Collect$$libinit$$0000001D) for __rt_lib_init_signal_1
    libinit.o(.ARM.Collect$$libinit$$00000000) refers (Special) to libinit2.o(.ARM.Collect$$libinit$$00000025) for __rt_lib_init_stdio_1
    libinit.o(.ARM.Collect$$libinit$$00000000) refers (Special) to libinit2.o(.ARM.Collect$$libinit$$0000000C) for __rt_lib_init_user_alloc_1
    istatus.o(x$fpl$ieeestatus) refers (Special) to usenofp.o(x$fpl$usenofp) for __I$use$fp
    fpclassify.o(i.__ARM_fpclassify) refers (Special) to usenofp.o(x$fpl$usenofp) for __I$use$fp
    sys_exit.o(.text) refers (Special) to use_no_semi.o(.text) for __I$use$semihosting
    sys_exit.o(.text) refers (Special) to indicate_semi.o(.text) for __semihosting_library_function
    rtexit.o(.ARM.Collect$$rtexit$$00000000) refers (Special) to rtexit2.o(.ARM.Collect$$rtexit$$00000004) for __rt_exit_exit
    rtexit.o(.ARM.Collect$$rtexit$$00000000) refers (Special) to rtexit2.o(.ARM.Collect$$rtexit$$00000003) for __rt_exit_ls
    rtexit.o(.ARM.Collect$$rtexit$$00000000) refers (Special) to rtexit2.o(.ARM.Collect$$rtexit$$00000002) for __rt_exit_prels_1
    rtexit.o(.ARM.exidx) refers (Special) to rtexit2.o(.ARM.Collect$$rtexit$$00000004) for __rt_exit_exit
    rtexit.o(.ARM.exidx) refers (Special) to rtexit2.o(.ARM.Collect$$rtexit$$00000003) for __rt_exit_ls
    rtexit.o(.ARM.exidx) refers (Special) to rtexit2.o(.ARM.Collect$$rtexit$$00000002) for __rt_exit_prels_1
    rtexit.o(.ARM.exidx) refers to rtexit.o(.ARM.Collect$$rtexit$$00000000) for .ARM.Collect$$rtexit$$00000000
    lc_ctype_c.o(locale$$data) refers (Special) to libinit2.o(.ARM.Collect$$libinit$$00000012) for __rt_lib_init_lc_ctype_2
    lc_ctype_c.o(locale$$code) refers (Special) to libinit2.o(.ARM.Collect$$libinit$$00000012) for __rt_lib_init_lc_ctype_2
    lc_ctype_c.o(locale$$code) refers to strcmpv7m.o(.text) for strcmp
    lc_ctype_c.o(locale$$code) refers to lc_ctype_c.o(locale$$data) for __lcctype_c_name
    __raise.o(.text) refers to defsig.o(CL$$defsig) for __default_signal_handler
    defsig_general.o(.text) refers to sys_wrch.o(.text) for _ttywrch
    libshutdown2.o(.ARM.Collect$$libshutdown$$0000000D) refers (Weak) to term_alloc.o(.text) for _terminate_alloc
    sys_wrch.o(.text) refers (Special) to use_no_semi.o(.text) for __I$use$semihosting
    sys_wrch.o(.text) refers (Special) to indicate_semi.o(.text) for __semihosting_library_function
    rtexit2.o(.ARM.Collect$$rtexit$$00000003) refers to libshutdown.o(.ARM.Collect$$libshutdown$$00000000) for __rt_lib_shutdown
    rtexit2.o(.ARM.Collect$$rtexit$$00000004) refers to sys_exit.o(.text) for _sys_exit
    rtexit2.o(.ARM.exidx) refers to rtexit2.o(.ARM.Collect$$rtexit$$00000001) for .ARM.Collect$$rtexit$$00000001
    rtexit2.o(.ARM.exidx) refers to rtexit2.o(.ARM.Collect$$rtexit$$00000003) for .ARM.Collect$$rtexit$$00000003
    rtexit2.o(.ARM.exidx) refers to rtexit2.o(.ARM.Collect$$rtexit$$00000004) for .ARM.Collect$$rtexit$$00000004
    defsig.o(CL$$defsig) refers to defsig_rtmem_inner.o(.text) for __rt_SIGRTMEM_inner
    defsig_abrt_inner.o(.text) refers to defsig_general.o(.text) for __default_signal_display
    defsig_fpe_inner.o(.text) refers to defsig_general.o(.text) for __default_signal_display
    defsig_rtred_inner.o(.text) refers to defsig_general.o(.text) for __default_signal_display
    defsig_stak_inner.o(.text) refers to defsig_general.o(.text) for __default_signal_display
    defsig_pvfn_inner.o(.text) refers to defsig_general.o(.text) for __default_signal_display
    defsig_cppl_inner.o(.text) refers to defsig_general.o(.text) for __default_signal_display
    defsig_segv_inner.o(.text) refers to defsig_general.o(.text) for __default_signal_display
    defsig_other.o(.text) refers to defsig_general.o(.text) for __default_signal_display
    libshutdown.o(.ARM.Collect$$libshutdown$$00000000) refers (Special) to libshutdown2.o(.ARM.Collect$$libshutdown$$00000002) for __rt_lib_shutdown_cpp_1
    libshutdown.o(.ARM.Collect$$libshutdown$$00000000) refers (Special) to libshutdown2.o(.ARM.Collect$$libshutdown$$00000007) for __rt_lib_shutdown_fp_trap_1
    libshutdown.o(.ARM.Collect$$libshutdown$$00000000) refers (Special) to libshutdown2.o(.ARM.Collect$$libshutdown$$0000000F) for __rt_lib_shutdown_heap_1
    libshutdown.o(.ARM.Collect$$libshutdown$$00000000) refers (Special) to libshutdown2.o(.ARM.Collect$$libshutdown$$00000010) for __rt_lib_shutdown_return
    libshutdown.o(.ARM.Collect$$libshutdown$$00000000) refers (Special) to libshutdown2.o(.ARM.Collect$$libshutdown$$0000000A) for __rt_lib_shutdown_signal_1
    libshutdown.o(.ARM.Collect$$libshutdown$$00000000) refers (Special) to libshutdown2.o(.ARM.Collect$$libshutdown$$00000004) for __rt_lib_shutdown_stdio_1
    libshutdown.o(.ARM.Collect$$libshutdown$$00000000) refers (Special) to libshutdown2.o(.ARM.Collect$$libshutdown$$0000000C) for __rt_lib_shutdown_user_alloc_1


==============================================================================

Removing Unused input sections from the image.

    Removing lpc17xx_uart.o(.text), (176 bytes).
    Removing lpc17xx_uart.o(.bss), (41 bytes).
    Removing monitor.o(.text), (668 bytes).
    Removing main.o(.bss), (12 bytes).
    Removing main.o(.bss), (564 bytes).
    Removing main.o(.bss), (1024 bytes).
    Removing main.o(.data), (1 bytes).
    Removing main.o(.data), (1 bytes).
    Removing main.o(.data), (1 bytes).
    Removing main.o(.data), (4 bytes).
    Removing main.o(.data), (1 bytes).
    Removing main.o(.data), (1 bytes).
    Removing main.o(.data), (1 bytes).
    Removing main.o(.data), (4 bytes).
    Removing main.o(.data), (4 bytes).
    Removing main.o(.data), (4 bytes).
    Removing main.o(.data), (4 bytes).
    Removing main.o(.data), (1 bytes).
    Removing delay.o(.text), (72 bytes).

19 unused section(s) (total 2584 bytes) removed from the image.

==============================================================================

Image Symbol Table

    Local Symbols

    Symbol Name                              Value     Ov Type        Size  Object(Section)

    RESET                                    0x00000000   Section      196  startup_lpc17xx.o(RESET)
    ../clib/angel/boardlib.s                 0x00000000   Number         0  boardinit3.o ABSOLUTE
    ../clib/angel/boardlib.s                 0x00000000   Number         0  boardshut.o ABSOLUTE
    ../clib/angel/boardlib.s                 0x00000000   Number         0  boardinit1.o ABSOLUTE
    ../clib/angel/boardlib.s                 0x00000000   Number         0  boardinit2.o ABSOLUTE
    ../clib/angel/handlers.s                 0x00000000   Number         0  __scatter_copy.o ABSOLUTE
    ../clib/angel/handlers.s                 0x00000000   Number         0  __scatter_zi.o ABSOLUTE
    ../clib/angel/kernel.s                   0x00000000   Number         0  rtexit2.o ABSOLUTE
    ../clib/angel/kernel.s                   0x00000000   Number         0  __rtentry4.o ABSOLUTE
    ../clib/angel/kernel.s                   0x00000000   Number         0  rtexit.o ABSOLUTE
    ../clib/angel/kernel.s                   0x00000000   Number         0  __rtentry2.o ABSOLUTE
    ../clib/angel/kernel.s                   0x00000000   Number         0  __rtentry.o ABSOLUTE
    ../clib/angel/rt.s                       0x00000000   Number         0  rt_heap_descriptor_intlibspace.o ABSOLUTE
    ../clib/angel/rt.s                       0x00000000   Number         0  rt_raise.o ABSOLUTE
    ../clib/angel/rt.s                       0x00000000   Number         0  rt_locale_intlibspace.o ABSOLUTE
    ../clib/angel/rt.s                       0x00000000   Number         0  rt_locale.o ABSOLUTE
    ../clib/angel/rt.s                       0x00000000   Number         0  rt_heap_descriptor.o ABSOLUTE
    ../clib/angel/rt.s                       0x00000000   Number         0  rt_ctype_table.o ABSOLUTE
    ../clib/angel/scatter.s                  0x00000000   Number         0  __scatter.o ABSOLUTE
    ../clib/angel/startup.s                  0x00000000   Number         0  __main.o ABSOLUTE
    ../clib/angel/sys.s                      0x00000000   Number         0  use_no_semi.o ABSOLUTE
    ../clib/angel/sys.s                      0x00000000   Number         0  mutex_dummy.o ABSOLUTE
    ../clib/angel/sys.s                      0x00000000   Number         0  indicate_semi.o ABSOLUTE
    ../clib/angel/sys.s                      0x00000000   Number         0  libspace.o ABSOLUTE
    ../clib/angel/sys.s                      0x00000000   Number         0  sys_stackheap_outer.o ABSOLUTE
    ../clib/angel/sysapp.c                   0x00000000   Number         0  sys_wrch.o ABSOLUTE
    ../clib/angel/sysapp.c                   0x00000000   Number         0  sys_command.o ABSOLUTE
    ../clib/angel/sysapp.c                   0x00000000   Number         0  sys_exit.o ABSOLUTE
    ../clib/armsys.c                         0x00000000   Number         0  no_argv.o ABSOLUTE
    ../clib/armsys.c                         0x00000000   Number         0  _get_argv.o ABSOLUTE
    ../clib/armsys.c                         0x00000000   Number         0  _get_argv_nomalloc.o ABSOLUTE
    ../clib/armsys.c                         0x00000000   Number         0  argv_veneer.o ABSOLUTE
    ../clib/armsys.c                         0x00000000   Number         0  argv_veneer.o ABSOLUTE
    ../clib/bigflt.c                         0x00000000   Number         0  bigflt0.o ABSOLUTE
    ../clib/btod.s                           0x00000000   Number         0  btod.o ABSOLUTE
    ../clib/heap1.c                          0x00000000   Number         0  h1_final_mt.o ABSOLUTE
    ../clib/heap1.c                          0x00000000   Number         0  h1_alloc_mt.o ABSOLUTE
    ../clib/heap1.c                          0x00000000   Number         0  h1_extend.o ABSOLUTE
    ../clib/heap1.c                          0x00000000   Number         0  h1_alloc.o ABSOLUTE
    ../clib/heap1.c                          0x00000000   Number         0  h1_final.o ABSOLUTE
    ../clib/heap1.c                          0x00000000   Number         0  h1_free_mt.o ABSOLUTE
    ../clib/heap1.c                          0x00000000   Number         0  h1_free.o ABSOLUTE
    ../clib/heap1.c                          0x00000000   Number         0  h1_init.o ABSOLUTE
    ../clib/heap1.c                          0x00000000   Number         0  h1_init_mt.o ABSOLUTE
    ../clib/heap1.c                          0x00000000   Number         0  h1_extend_mt.o ABSOLUTE
    ../clib/heap2.c                          0x00000000   Number         0  heap2mt.o ABSOLUTE
    ../clib/heap2.c                          0x00000000   Number         0  heap2.o ABSOLUTE
    ../clib/heap2.c                          0x00000000   Number         0  fdtree.o ABSOLUTE
    ../clib/heapalloc.c                      0x00000000   Number         0  hrguard.o ABSOLUTE
    ../clib/heapalloc.c                      0x00000000   Number         0  heapstubs.o ABSOLUTE
    ../clib/heapalloc.c                      0x00000000   Number         0  free.o ABSOLUTE
    ../clib/heapalloc.c                      0x00000000   Number         0  init_alloc.o ABSOLUTE
    ../clib/heapalloc.c                      0x00000000   Number         0  hguard.o ABSOLUTE
    ../clib/heapalloc.c                      0x00000000   Number         0  term_alloc.o ABSOLUTE
    ../clib/heapalloc.c                      0x00000000   Number         0  malloc.o ABSOLUTE
    ../clib/heapalloc.c                      0x00000000   Number         0  maybetermalloc2.o ABSOLUTE
    ../clib/heapalloc.c                      0x00000000   Number         0  maybetermalloc2.o ABSOLUTE
    ../clib/heapalloc.c                      0x00000000   Number         0  maybetermalloc1.o ABSOLUTE
    ../clib/heapalloc.c                      0x00000000   Number         0  maybetermalloc1.o ABSOLUTE
    ../clib/heapaux.c                        0x00000000   Number         0  heapauxa.o ABSOLUTE
    ../clib/heapaux.c                        0x00000000   Number         0  heapauxi.o ABSOLUTE
    ../clib/libinit.s                        0x00000000   Number         0  libshutdown2.o ABSOLUTE
    ../clib/libinit.s                        0x00000000   Number         0  libinit.o ABSOLUTE
    ../clib/libinit.s                        0x00000000   Number         0  libinit2.o ABSOLUTE
    ../clib/libinit.s                        0x00000000   Number         0  libshutdown.o ABSOLUTE
    ../clib/locale.c                         0x00000000   Number         0  _wcrtomb.o ABSOLUTE
    ../clib/locale.s                         0x00000000   Number         0  lc_ctype_c.o ABSOLUTE
    ../clib/locale.s                         0x00000000   Number         0  lc_numeric_c.o ABSOLUTE
    ../clib/longlong.s                       0x00000000   Number         0  lludiv10.o ABSOLUTE
    ../clib/memcpset.s                       0x00000000   Number         0  rt_memclr_w.o ABSOLUTE
    ../clib/memcpset.s                       0x00000000   Number         0  rt_memcpy_w.o ABSOLUTE
    ../clib/memcpset.s                       0x00000000   Number         0  strcmpv7m.o ABSOLUTE
    ../clib/misc.s                           0x00000000   Number         0  printf_stubs.o ABSOLUTE
    ../clib/printf.c                         0x00000000   Number         0  _printf_intcommon.o ABSOLUTE
    ../clib/printf.c                         0x00000000   Number         0  __printf_flags_ss_wp.o ABSOLUTE
    ../clib/printf.c                         0x00000000   Number         0  _printf_fp_infnan.o ABSOLUTE
    ../clib/printf.c                         0x00000000   Number         0  _printf_wchar.o ABSOLUTE
    ../clib/printf.c                         0x00000000   Number         0  _printf_char.o ABSOLUTE
    ../clib/printf.c                         0x00000000   Number         0  __printf_nopercent.o ABSOLUTE
    ../clib/printf.c                         0x00000000   Number         0  _sputc.o ABSOLUTE
    ../clib/printf.c                         0x00000000   Number         0  __printf.o ABSOLUTE
    ../clib/printf.c                         0x00000000   Number         0  c89vsprintf.o ABSOLUTE
    ../clib/printf.c                         0x00000000   Number         0  _printf_pad.o ABSOLUTE
    ../clib/printf.c                         0x00000000   Number         0  _printf_truncate.o ABSOLUTE
    ../clib/printf.c                         0x00000000   Number         0  _printf_str.o ABSOLUTE
    ../clib/printf.c                         0x00000000   Number         0  _printf_wctomb.o ABSOLUTE
    ../clib/printf.c                         0x00000000   Number         0  _printf_longlong_dec.o ABSOLUTE
    ../clib/printf.c                         0x00000000   Number         0  _printf_oct_ll.o ABSOLUTE
    ../clib/printf.c                         0x00000000   Number         0  _printf_oct_int.o ABSOLUTE
    ../clib/printf.c                         0x00000000   Number         0  _printf_oct_int_ll.o ABSOLUTE
    ../clib/printf.c                         0x00000000   Number         0  _printf_hex_ll.o ABSOLUTE
    ../clib/printf.c                         0x00000000   Number         0  _printf_hex_int_ll.o ABSOLUTE
    ../clib/printf.c                         0x00000000   Number         0  _printf_hex_ptr.o ABSOLUTE
    ../clib/printf.c                         0x00000000   Number         0  _printf_hex_int_ptr.o ABSOLUTE
    ../clib/printf.c                         0x00000000   Number         0  _printf_hex_ll_ptr.o ABSOLUTE
    ../clib/printf.c                         0x00000000   Number         0  _printf_hex_int_ll_ptr.o ABSOLUTE
    ../clib/printf.c                         0x00000000   Number         0  __printf_flags.o ABSOLUTE
    ../clib/printf.c                         0x00000000   Number         0  __printf_ss.o ABSOLUTE
    ../clib/printf.c                         0x00000000   Number         0  __printf_flags_ss.o ABSOLUTE
    ../clib/printf.c                         0x00000000   Number         0  __printf_wp.o ABSOLUTE
    ../clib/printf.c                         0x00000000   Number         0  __printf_flags_wp.o ABSOLUTE
    ../clib/printf.c                         0x00000000   Number         0  __printf_ss_wp.o ABSOLUTE
    ../clib/printf.c                         0x00000000   Number         0  _printf_dec.o ABSOLUTE
    ../clib/printf.c                         0x00000000   Number         0  _printf_fp_dec.o ABSOLUTE
    ../clib/printf.c                         0x00000000   Number         0  _printf_charcount.o ABSOLUTE
    ../clib/printf.c                         0x00000000   Number         0  _printf_char_common.o ABSOLUTE
    ../clib/printf.c                         0x00000000   Number         0  _printf_hex_int.o ABSOLUTE
    ../clib/printf_percent.s                 0x00000000   Number         0  _printf_s.o ABSOLUTE
    ../clib/printf_percent.s                 0x00000000   Number         0  _printf_c.o ABSOLUTE
    ../clib/printf_percent.s                 0x00000000   Number         0  _printf_percent_end.o ABSOLUTE
    ../clib/printf_percent.s                 0x00000000   Number         0  _printf_llx.o ABSOLUTE
    ../clib/printf_percent.s                 0x00000000   Number         0  _printf_llo.o ABSOLUTE
    ../clib/printf_percent.s                 0x00000000   Number         0  _printf_ls.o ABSOLUTE
    ../clib/printf_percent.s                 0x00000000   Number         0  _printf_lc.o ABSOLUTE
    ../clib/printf_percent.s                 0x00000000   Number         0  _printf_l.o ABSOLUTE
    ../clib/printf_percent.s                 0x00000000   Number         0  _printf_ll.o ABSOLUTE
    ../clib/printf_percent.s                 0x00000000   Number         0  _printf_llu.o ABSOLUTE
    ../clib/printf_percent.s                 0x00000000   Number         0  _printf_lld.o ABSOLUTE
    ../clib/printf_percent.s                 0x00000000   Number         0  _printf_lli.o ABSOLUTE
    ../clib/printf_percent.s                 0x00000000   Number         0  _printf_percent.o ABSOLUTE
    ../clib/printf_percent.s                 0x00000000   Number         0  _printf_a.o ABSOLUTE
    ../clib/printf_percent.s                 0x00000000   Number         0  _printf_g.o ABSOLUTE
    ../clib/printf_percent.s                 0x00000000   Number         0  _printf_e.o ABSOLUTE
    ../clib/printf_percent.s                 0x00000000   Number         0  _printf_f.o ABSOLUTE
    ../clib/printf_percent.s                 0x00000000   Number         0  _printf_u.o ABSOLUTE
    ../clib/printf_percent.s                 0x00000000   Number         0  _printf_d.o ABSOLUTE
    ../clib/printf_percent.s                 0x00000000   Number         0  _printf_i.o ABSOLUTE
    ../clib/printf_percent.s                 0x00000000   Number         0  _printf_o.o ABSOLUTE
    ../clib/printf_percent.s                 0x00000000   Number         0  _printf_p.o ABSOLUTE
    ../clib/printf_percent.s                 0x00000000   Number         0  _printf_x.o ABSOLUTE
    ../clib/printf_percent.s                 0x00000000   Number         0  _printf_n.o ABSOLUTE
    ../clib/signal.c                         0x00000000   Number         0  defsig_stak_inner.o ABSOLUTE
    ../clib/signal.c                         0x00000000   Number         0  defsig_other.o ABSOLUTE
    ../clib/signal.c                         0x00000000   Number         0  defsig_exit.o ABSOLUTE
    ../clib/signal.c                         0x00000000   Number         0  defsig_rtred_inner.o ABSOLUTE
    ../clib/signal.c                         0x00000000   Number         0  defsig_rtmem_inner.o ABSOLUTE
    ../clib/signal.c                         0x00000000   Number         0  defsig_rtmem_outer.o ABSOLUTE
    ../clib/signal.c                         0x00000000   Number         0  defsig_rtmem_formal.o ABSOLUTE
    ../clib/signal.c                         0x00000000   Number         0  defsig_pvfn_inner.o ABSOLUTE
    ../clib/signal.c                         0x00000000   Number         0  __raise.o ABSOLUTE
    ../clib/signal.c                         0x00000000   Number         0  defsig_general.o ABSOLUTE
    ../clib/signal.c                         0x00000000   Number         0  defsig_cppl_inner.o ABSOLUTE
    ../clib/signal.c                         0x00000000   Number         0  defsig_segv_inner.o ABSOLUTE
    ../clib/signal.c                         0x00000000   Number         0  defsig_abrt_inner.o ABSOLUTE
    ../clib/signal.c                         0x00000000   Number         0  defsig_fpe_inner.o ABSOLUTE
    ../clib/signal.s                         0x00000000   Number         0  defsig.o ABSOLUTE
    ../clib/stdlib.c                         0x00000000   Number         0  exit.o ABSOLUTE
    ../fplib/d2f.s                           0x00000000   Number         0  d2f.o ABSOLUTE
    ../fplib/dnaninf.s                       0x00000000   Number         0  dnaninf.o ABSOLUTE
    ../fplib/faddsub.s                       0x00000000   Number         0  faddsub_clz.o ABSOLUTE
    ../fplib/ffixu.s                         0x00000000   Number         0  ffixu.o ABSOLUTE
    ../fplib/fflt.s                          0x00000000   Number         0  fflt_clz.o ABSOLUTE
    ../fplib/fmul.s                          0x00000000   Number         0  fmul.o ABSOLUTE
    ../fplib/fnaninf.s                       0x00000000   Number         0  fnaninf.o ABSOLUTE
    ../fplib/fpinit.s                        0x00000000   Number         0  fpinit.o ABSOLUTE
    ../fplib/fretinf.s                       0x00000000   Number         0  fretinf.o ABSOLUTE
    ../fplib/istatus.s                       0x00000000   Number         0  istatus.o ABSOLUTE
    ../fplib/printf1.s                       0x00000000   Number         0  printf1.o ABSOLUTE
    ../fplib/usenofp.s                       0x00000000   Number         0  usenofp.o ABSOLUTE
    ../mathlib/fpclassify.c                  0x00000000   Number         0  fpclassify.o ABSOLUTE
    FatFs\ff.c                               0x00000000   Number         0  ff.o ABSOLUTE
    FatFs\option\ccsbcs.c                    0x00000000   Number         0  ccsbcs.o ABSOLUTE
    LPC1700\Core_CM3\startup_LPC17xx.s       0x00000000   Number         0  startup_lpc17xx.o ABSOLUTE
    LPC1700\Core_CM3\system_LPC17xx.c        0x00000000   Number         0  system_lpc17xx.o ABSOLUTE
    LPC1700\RTC\lpc17xx_rtc.c                0x00000000   Number         0  lpc17xx_rtc.o ABSOLUTE
    LPC1700\SPI_SD\LPC17xx_sd.c              0x00000000   Number         0  lpc17xx_sd.o ABSOLUTE
    LPC1700\SPI_SD\LPC17xx_spi.c             0x00000000   Number         0  lpc17xx_spi.o ABSOLUTE
    LPC1700\UART\lpc17xx_uart.c              0x00000000   Number         0  lpc17xx_uart.o ABSOLUTE
    LPC1700\Utility\monitor.c                0x00000000   Number         0  monitor.o ABSOLUTE
    List.c                                   0x00000000   Number         0  list.o ABSOLUTE
    Main\main.c                              0x00000000   Number         0  main.o ABSOLUTE
    dc.s                                     0x00000000   Number         0  dc.o ABSOLUTE
    delay.c                                  0x00000000   Number         0  delay.o ABSOLUTE
    uart.c                                   0x00000000   Number         0  uart.o ABSOLUTE
    !!!main                                  0x000000c4   Section        8  __main.o(!!!main)
    !!!scatter                               0x000000cc   Section       52  __scatter.o(!!!scatter)
    !!handler_copy                           0x00000100   Section       26  __scatter_copy.o(!!handler_copy)
    !!handler_zi                             0x0000011c   Section       28  __scatter_zi.o(!!handler_zi)
    .ARM.Collect$$libinit$$00000000          0x00000138   Section        2  libinit.o(.ARM.Collect$$libinit$$00000000)
    .ARM.Collect$$libinit$$00000002          0x0000013a   Section        0  libinit2.o(.ARM.Collect$$libinit$$00000002)
    .ARM.Collect$$libinit$$00000004          0x0000013a   Section        0  libinit2.o(.ARM.Collect$$libinit$$00000004)
    .ARM.Collect$$libinit$$00000005          0x0000013a   Section        8  libinit2.o(.ARM.Collect$$libinit$$00000005)
    .ARM.Collect$$libinit$$0000000A          0x00000142   Section        0  libinit2.o(.ARM.Collect$$libinit$$0000000A)
    .ARM.Collect$$libinit$$0000000C          0x00000142   Section        0  libinit2.o(.ARM.Collect$$libinit$$0000000C)
    .ARM.Collect$$libinit$$0000000E          0x00000142   Section        0  libinit2.o(.ARM.Collect$$libinit$$0000000E)
    .ARM.Collect$$libinit$$00000011          0x00000142   Section        0  libinit2.o(.ARM.Collect$$libinit$$00000011)
    .ARM.Collect$$libinit$$00000013          0x00000142   Section        0  libinit2.o(.ARM.Collect$$libinit$$00000013)
    .ARM.Collect$$libinit$$00000015          0x00000142   Section        0  libinit2.o(.ARM.Collect$$libinit$$00000015)
    .ARM.Collect$$libinit$$00000017          0x00000142   Section        0  libinit2.o(.ARM.Collect$$libinit$$00000017)
    .ARM.Collect$$libinit$$00000019          0x00000142   Section        0  libinit2.o(.ARM.Collect$$libinit$$00000019)
    .ARM.Collect$$libinit$$0000001B          0x00000142   Section        0  libinit2.o(.ARM.Collect$$libinit$$0000001B)
    .ARM.Collect$$libinit$$0000001D          0x00000142   Section        0  libinit2.o(.ARM.Collect$$libinit$$0000001D)
    .ARM.Collect$$libinit$$0000001F          0x00000142   Section        0  libinit2.o(.ARM.Collect$$libinit$$0000001F)
    .ARM.Collect$$libinit$$00000021          0x00000142   Section        0  libinit2.o(.ARM.Collect$$libinit$$00000021)
    .ARM.Collect$$libinit$$00000023          0x00000142   Section        0  libinit2.o(.ARM.Collect$$libinit$$00000023)
    .ARM.Collect$$libinit$$00000025          0x00000142   Section        0  libinit2.o(.ARM.Collect$$libinit$$00000025)
    .ARM.Collect$$libinit$$0000002C          0x00000142   Section        0  libinit2.o(.ARM.Collect$$libinit$$0000002C)
    .ARM.Collect$$libinit$$0000002E          0x00000142   Section        0  libinit2.o(.ARM.Collect$$libinit$$0000002E)
    .ARM.Collect$$libinit$$00000030          0x00000142   Section        0  libinit2.o(.ARM.Collect$$libinit$$00000030)
    .ARM.Collect$$libinit$$00000032          0x00000142   Section        0  libinit2.o(.ARM.Collect$$libinit$$00000032)
    .ARM.Collect$$libinit$$00000033          0x00000142   Section        2  libinit2.o(.ARM.Collect$$libinit$$00000033)
    .ARM.Collect$$libshutdown$$00000000      0x00000144   Section        2  libshutdown.o(.ARM.Collect$$libshutdown$$00000000)
    .ARM.Collect$$libshutdown$$00000002      0x00000146   Section        0  libshutdown2.o(.ARM.Collect$$libshutdown$$00000002)
    .ARM.Collect$$libshutdown$$00000004      0x00000146   Section        0  libshutdown2.o(.ARM.Collect$$libshutdown$$00000004)
    .ARM.Collect$$libshutdown$$00000007      0x00000146   Section        0  libshutdown2.o(.ARM.Collect$$libshutdown$$00000007)
    .ARM.Collect$$libshutdown$$0000000A      0x00000146   Section        0  libshutdown2.o(.ARM.Collect$$libshutdown$$0000000A)
    .ARM.Collect$$libshutdown$$0000000C      0x00000146   Section        0  libshutdown2.o(.ARM.Collect$$libshutdown$$0000000C)
    .ARM.Collect$$libshutdown$$0000000F      0x00000146   Section        0  libshutdown2.o(.ARM.Collect$$libshutdown$$0000000F)
    .ARM.Collect$$libshutdown$$00000010      0x00000146   Section        2  libshutdown2.o(.ARM.Collect$$libshutdown$$00000010)
    .ARM.Collect$$rtentry$$00000000          0x00000148   Section        0  __rtentry.o(.ARM.Collect$$rtentry$$00000000)
    .ARM.Collect$$rtentry$$00000002          0x00000148   Section        0  __rtentry2.o(.ARM.Collect$$rtentry$$00000002)
    .ARM.Collect$$rtentry$$00000004          0x00000148   Section        6  __rtentry4.o(.ARM.Collect$$rtentry$$00000004)
    .ARM.Collect$$rtentry$$00000009          0x0000014e   Section        0  __rtentry2.o(.ARM.Collect$$rtentry$$00000009)
    .ARM.Collect$$rtentry$$0000000A          0x0000014e   Section        4  __rtentry2.o(.ARM.Collect$$rtentry$$0000000A)
    .ARM.Collect$$rtentry$$0000000C          0x00000152   Section        0  __rtentry2.o(.ARM.Collect$$rtentry$$0000000C)
    .ARM.Collect$$rtentry$$0000000D          0x00000152   Section        8  __rtentry2.o(.ARM.Collect$$rtentry$$0000000D)
    .ARM.Collect$$rtexit$$00000000           0x0000015a   Section        2  rtexit.o(.ARM.Collect$$rtexit$$00000000)
    .ARM.Collect$$rtexit$$00000002           0x0000015c   Section        0  rtexit2.o(.ARM.Collect$$rtexit$$00000002)
    .ARM.Collect$$rtexit$$00000003           0x0000015c   Section        4  rtexit2.o(.ARM.Collect$$rtexit$$00000003)
    .ARM.Collect$$rtexit$$00000004           0x00000160   Section        6  rtexit2.o(.ARM.Collect$$rtexit$$00000004)
    .emb_text                                0x00000168   Section        0  maybetermalloc1.o(.emb_text)
    .text                                    0x00000168   Section        0  system_lpc17xx.o(.text)
    .text                                    0x000002b0   Section       56  startup_lpc17xx.o(.text)
    .text                                    0x000002e8   Section        0  heapauxi.o(.text)
    .text                                    0x000002f0   Section        8  rt_heap_descriptor_intlibspace.o(.text)
    .text                                    0x000002f8   Section        0  hguard.o(.text)
    .ARM.__at_0x02FC                         0x000002fc   Section        4  startup_lpc17xx.o(.ARM.__at_0x02FC)
    .text                                    0x00000300   Section        0  lpc17xx_spi.o(.text)
    LPC17xx_SPI_SendRecvByte                 0x00000475   Thumb Code    16  lpc17xx_spi.o(.text)
    .text                                    0x00000494   Section        0  lpc17xx_sd.o(.text)
    LPC17xx_SD_ReadDataBlock                 0x00000495   Thumb Code    54  lpc17xx_sd.o(.text)
    LPC17xx_SD_SendCmd                       0x000004cb   Thumb Code   132  lpc17xx_sd.o(.text)
    LPC17xx_SD_ReadCfg                       0x0000054f   Thumb Code   352  lpc17xx_sd.o(.text)
    LPC17xx_SD_Init                          0x000006af   Thumb Code   252  lpc17xx_sd.o(.text)
    LPC17xx_SD_WirteDataBlock                0x000008c7   Thumb Code    62  lpc17xx_sd.o(.text)
    LPC17xx_SD_WaitForReady                  0x0000092f   Thumb Code    30  lpc17xx_sd.o(.text)
    LPC17xx_SD_ReadSector                    0x0000094d   Thumb Code   106  lpc17xx_sd.o(.text)
    LPC17xx_SD_WriteSector                   0x000009b7   Thumb Code   134  lpc17xx_sd.o(.text)
    .text                                    0x00000a3c   Section        0  lpc17xx_rtc.o(.text)
    .text                                    0x00000af8   Section        0  ff.o(.text)
    move_window                              0x00000af9   Thumb Code   106  ff.o(.text)
    sync                                     0x00000b63   Thumb Code   182  ff.o(.text)
    remove_chain                             0x00000db1   Thumb Code    96  ff.o(.text)
    create_chain                             0x00000e11   Thumb Code   148  ff.o(.text)
    dir_seek                                 0x00000ebd   Thumb Code   126  ff.o(.text)
    dir_next                                 0x00000f3b   Thumb Code   236  ff.o(.text)
    dir_find                                 0x00001095   Thumb Code   302  ff.o(.text)
    dir_read                                 0x000011c3   Thumb Code   234  ff.o(.text)
    dir_register                             0x000012ad   Thumb Code   430  ff.o(.text)
    dir_remove                               0x0000145b   Thumb Code    78  ff.o(.text)
    create_name                              0x000014a9   Thumb Code   534  ff.o(.text)
    get_fileinfo                             0x000016bf   Thumb Code   200  ff.o(.text)
    follow_path                              0x00001787   Thumb Code   142  ff.o(.text)
    check_fs                                 0x00001815   Thumb Code    86  ff.o(.text)
    mem_cpy                                  0x00002dcf   Thumb Code    16  ff.o(.text)
    mem_set                                  0x00002ddf   Thumb Code    16  ff.o(.text)
    chk_chr                                  0x00002def   Thumb Code    16  ff.o(.text)
    sum_sfn                                  0x00002dff   Thumb Code    26  ff.o(.text)
    validate                                 0x00002e19   Thumb Code    32  ff.o(.text)
    .text                                    0x00002e38   Section        0  ccsbcs.o(.text)
    .text                                    0x00002e94   Section        0  main.o(.text)
    NVIC_EnableIRQ                           0x000034c1   Thumb Code    22  main.o(.text)
    NVIC_SetPriority                         0x000034d7   Thumb Code    32  main.o(.text)
    IoInit                                   0x000034f7   Thumb Code   126  main.o(.text)
    .text                                    0x000035b8   Section        0  uart.o(.text)
    .text                                    0x000038c4   Section        0  list.o(.text)
    .text                                    0x000038ec   Section        0  h1_alloc.o(.text)
    .text                                    0x0000394a   Section      100  rt_memcpy_w.o(.text)
    .text                                    0x000039ae   Section       78  rt_memclr_w.o(.text)
    .text                                    0x000039fc   Section        0  init_alloc.o(.text)
    .text                                    0x00003a86   Section        0  h1_init.o(.text)
    .text                                    0x00003a94   Section        0  h1_free.o(.text)
    .text                                    0x00003ae4   Section        8  libspace.o(.text)
    .text                                    0x00003aec   Section        0  h1_extend.o(.text)
    .text                                    0x00003b20   Section        0  defsig_rtmem_outer.o(.text)
    .text                                    0x00003b2e   Section        2  use_no_semi.o(.text)
    .text                                    0x00003b30   Section        0  indicate_semi.o(.text)
    .text                                    0x00003b30   Section       74  sys_stackheap_outer.o(.text)
    .text                                    0x00003b7a   Section        0  exit.o(.text)
    .text                                    0x00003b8c   Section        0  defsig_exit.o(.text)
    .text                                    0x00003b98   Section        0  defsig_rtmem_inner.o(.text)
    .text                                    0x00003be8   Section        0  sys_exit.o(.text)
    .text                                    0x00003bf4   Section        0  defsig_general.o(.text)
    .text                                    0x00003c26   Section        0  sys_wrch.o(.text)
    x$fpl$d2f                                0x00003c34   Section       98  d2f.o(x$fpl$d2f)
    x$fpl$dnaninf                            0x00003c96   Section      156  dnaninf.o(x$fpl$dnaninf)
    x$fpl$fadd                               0x00003d34   Section      196  faddsub_clz.o(x$fpl$fadd)
    _fadd1                                   0x00003d43   Thumb Code     0  faddsub_clz.o(x$fpl$fadd)
    x$fpl$ffixu                              0x00003df8   Section       62  ffixu.o(x$fpl$ffixu)
    x$fpl$ffltu                              0x00003e38   Section       38  fflt_clz.o(x$fpl$ffltu)
    x$fpl$fmul                               0x00003e60   Section      258  fmul.o(x$fpl$fmul)
    x$fpl$fnaninf                            0x00003f62   Section      140  fnaninf.o(x$fpl$fnaninf)
    x$fpl$fretinf                            0x00003fee   Section       10  fretinf.o(x$fpl$fretinf)
    x$fpl$frsb                               0x00003ff8   Section       20  faddsub_clz.o(x$fpl$frsb)
    x$fpl$fsub                               0x0000400c   Section      234  faddsub_clz.o(x$fpl$fsub)
    _fsub1                                   0x0000401b   Thumb Code     0  faddsub_clz.o(x$fpl$fsub)
    x$fpl$usenofp                            0x000040f6   Section        0  usenofp.o(x$fpl$usenofp)
    .constdata                               0x000040f8   Section      210  ff.o(.constdata)
    LfnOfs                                   0x000040f8   Data          13  ff.o(.constdata)
    cvt                                      0x00004105   Data         128  ff.o(.constdata)
    sstbl                                    0x00004188   Data          44  ff.o(.constdata)
    cstbl                                    0x000041b4   Data          22  ff.o(.constdata)
    .constdata                               0x000041ca   Section     1216  ccsbcs.o(.constdata)
    Tbl                                      0x000041ca   Data         256  ccsbcs.o(.constdata)
    tbl_lower                                0x000042ca   Data         480  ccsbcs.o(.constdata)
    tbl_upper                                0x000044aa   Data         480  ccsbcs.o(.constdata)
    .bss                                     0x10000000   Section     3832  main.o(.bss)
    .data                                    0x2007c000   Section        4  system_lpc17xx.o(.data)
    .data                                    0x2007c004   Section        4  lpc17xx_sd.o(.data)
    Stat                                     0x2007c004   Data           1  lpc17xx_sd.o(.data)
    Timer1                                   0x2007c005   Data           1  lpc17xx_sd.o(.data)
    Timer2                                   0x2007c006   Data           1  lpc17xx_sd.o(.data)
    CardType                                 0x2007c007   Data           1  lpc17xx_sd.o(.data)
    .data                                    0x2007c008   Section        8  ff.o(.data)
    Drive                                    0x2007c008   Data           1  ff.o(.data)
    Fsid                                     0x2007c00a   Data           2  ff.o(.data)
    FatFs                                    0x2007c00c   Data           4  ff.o(.data)
    .data                                    0x2007c010   Section       64  main.o(.data)
    bufferPos                                0x2007c020   Data           4  main.o(.data)
    pres                                     0x2007c034   Data           4  main.o(.data)
    flip                                     0x2007c038   Data           4  main.o(.data)
    prescale_disk_io                         0x2007c03c   Data           4  main.o(.data)
    filesize                                 0x2007c044   Data           4  main.o(.data)
    .bss                                     0x2007c050   Section       56  lpc17xx_sd.o(.bss)
    SDCfg                                    0x2007c050   Data          56  lpc17xx_sd.o(.bss)
    .bss                                     0x2007c088   Section      512  ff.o(.bss)
    LfnBuf                                   0x2007c088   Data         512  ff.o(.bss)
    .bss                                     0x2007c288   Section       96  libspace.o(.bss)
    HEAP                                     0x2007c2e8   Section      512  startup_lpc17xx.o(HEAP)
    Heap_Mem                                 0x2007c2e8   Data         512  startup_lpc17xx.o(HEAP)
    STACK                                    0x2007c4e8   Section     1024  startup_lpc17xx.o(STACK)
    Stack_Mem                                0x2007c4e8   Data        1024  startup_lpc17xx.o(STACK)
    __initial_sp                             0x2007c8e8   Data           0  startup_lpc17xx.o(STACK)

    Global Symbols

    Symbol Name                              Value     Ov Type        Size  Object(Section)

    BuildAttributes$$THM_ISAv4$P$D$K$B$S$PE$A:L22UL41UL21$X:L11$S22US41US21$IEEE1$IW$USESV6$~STKCKD$USESV7$~SHL$OTIME$ROPI$IEEEJ$EBA8$UX$STANDARDLIB$REQ8$PRES8$EABIv2 0x00000000   Number         0  anon$$obj.o ABSOLUTE
    __ARM_use_no_argv                        0x00000000   Number         0  main.o ABSOLUTE
    __Vectors                                0x00000000   Data           4  startup_lpc17xx.o(RESET)
    _printf_flags                            0x00000000   Number         0  printf_stubs.o ABSOLUTE
    _printf_return_value                     0x00000000   Number         0  printf_stubs.o ABSOLUTE
    _printf_sizespec                         0x00000000   Number         0  printf_stubs.o ABSOLUTE
    _printf_widthprec                        0x00000000   Number         0  printf_stubs.o ABSOLUTE
    __ARM_exceptions_init                     - Undefined Weak Reference
    __alloca_initialize                       - Undefined Weak Reference
    __arm_preinit_                            - Undefined Weak Reference
    __cpp_initialize__aeabi_                  - Undefined Weak Reference
    __cxa_finalize                            - Undefined Weak Reference
    __sigvec_lookup                           - Undefined Weak Reference
    __user_heap_extent                        - Undefined Weak Reference
    _atexit_init                              - Undefined Weak Reference
    _call_atexit_fns                          - Undefined Weak Reference
    _clock_init                               - Undefined Weak Reference
    _fp_trap_init                             - Undefined Weak Reference
    _fp_trap_shutdown                         - Undefined Weak Reference
    _get_lc_collate                           - Undefined Weak Reference
    _get_lc_monetary                          - Undefined Weak Reference
    _get_lc_time                              - Undefined Weak Reference
    _getenv_init                              - Undefined Weak Reference
    _handle_redirection                       - Undefined Weak Reference
    _initio                                   - Undefined Weak Reference
    _mutex_acquire                            - Undefined Weak Reference
    _mutex_free                               - Undefined Weak Reference
    _mutex_release                            - Undefined Weak Reference
    _printf_fp_hex                            - Undefined Weak Reference
    _printf_mbtowc                            - Undefined Weak Reference
    _printf_wc                                - Undefined Weak Reference
    _rand_init                                - Undefined Weak Reference
    _signal_finish                            - Undefined Weak Reference
    _signal_init                              - Undefined Weak Reference
    _terminateio                              - Undefined Weak Reference
    __main                                   0x000000c5   Thumb Code     8  __main.o(!!!main)
    __scatterload                            0x000000cd   Thumb Code     0  __scatter.o(!!!scatter)
    __scatterload_rt2                        0x000000cd   Thumb Code    44  __scatter.o(!!!scatter)
    __scatterload_rt2_thumb_only             0x000000cd   Thumb Code     0  __scatter.o(!!!scatter)
    __scatterload_null                       0x000000db   Thumb Code     0  __scatter.o(!!!scatter)
    __scatterload_copy                       0x00000101   Thumb Code    26  __scatter_copy.o(!!handler_copy)
    __scatterload_zeroinit                   0x0000011d   Thumb Code    28  __scatter_zi.o(!!handler_zi)
    __rt_lib_init                            0x00000139   Thumb Code     0  libinit.o(.ARM.Collect$$libinit$$00000000)
    __rt_lib_init_fp_1                       0x0000013b   Thumb Code     0  libinit2.o(.ARM.Collect$$libinit$$00000002)
    __rt_lib_init_heap_2                     0x0000013b   Thumb Code     0  libinit2.o(.ARM.Collect$$libinit$$00000005)
    __rt_lib_init_preinit_1                  0x0000013b   Thumb Code     0  libinit2.o(.ARM.Collect$$libinit$$00000004)
    __rt_lib_init_alloca_1                   0x00000143   Thumb Code     0  libinit2.o(.ARM.Collect$$libinit$$0000002E)
    __rt_lib_init_argv_1                     0x00000143   Thumb Code     0  libinit2.o(.ARM.Collect$$libinit$$0000002C)
    __rt_lib_init_atexit_1                   0x00000143   Thumb Code     0  libinit2.o(.ARM.Collect$$libinit$$0000001B)
    __rt_lib_init_clock_1                    0x00000143   Thumb Code     0  libinit2.o(.ARM.Collect$$libinit$$00000021)
    __rt_lib_init_cpp_1                      0x00000143   Thumb Code     0  libinit2.o(.ARM.Collect$$libinit$$00000032)
    __rt_lib_init_exceptions_1               0x00000143   Thumb Code     0  libinit2.o(.ARM.Collect$$libinit$$00000030)
    __rt_lib_init_fp_trap_1                  0x00000143   Thumb Code     0  libinit2.o(.ARM.Collect$$libinit$$0000001F)
    __rt_lib_init_getenv_1                   0x00000143   Thumb Code     0  libinit2.o(.ARM.Collect$$libinit$$00000023)
    __rt_lib_init_heap_1                     0x00000143   Thumb Code     0  libinit2.o(.ARM.Collect$$libinit$$0000000A)
    __rt_lib_init_lc_collate_1               0x00000143   Thumb Code     0  libinit2.o(.ARM.Collect$$libinit$$00000011)
    __rt_lib_init_lc_ctype_1                 0x00000143   Thumb Code     0  libinit2.o(.ARM.Collect$$libinit$$00000013)
    __rt_lib_init_lc_monetary_1              0x00000143   Thumb Code     0  libinit2.o(.ARM.Collect$$libinit$$00000015)
    __rt_lib_init_lc_numeric_1               0x00000143   Thumb Code     0  libinit2.o(.ARM.Collect$$libinit$$00000017)
    __rt_lib_init_lc_time_1                  0x00000143   Thumb Code     0  libinit2.o(.ARM.Collect$$libinit$$00000019)
    __rt_lib_init_rand_1                     0x00000143   Thumb Code     0  libinit2.o(.ARM.Collect$$libinit$$0000000E)
    __rt_lib_init_return                     0x00000143   Thumb Code     0  libinit2.o(.ARM.Collect$$libinit$$00000033)
    __rt_lib_init_signal_1                   0x00000143   Thumb Code     0  libinit2.o(.ARM.Collect$$libinit$$0000001D)
    __rt_lib_init_stdio_1                    0x00000143   Thumb Code     0  libinit2.o(.ARM.Collect$$libinit$$00000025)
    __rt_lib_init_user_alloc_1               0x00000143   Thumb Code     0  libinit2.o(.ARM.Collect$$libinit$$0000000C)
    __rt_lib_shutdown                        0x00000145   Thumb Code     0  libshutdown.o(.ARM.Collect$$libshutdown$$00000000)
    __rt_lib_shutdown_cpp_1                  0x00000147   Thumb Code     0  libshutdown2.o(.ARM.Collect$$libshutdown$$00000002)
    __rt_lib_shutdown_fp_trap_1              0x00000147   Thumb Code     0  libshutdown2.o(.ARM.Collect$$libshutdown$$00000007)
    __rt_lib_shutdown_heap_1                 0x00000147   Thumb Code     0  libshutdown2.o(.ARM.Collect$$libshutdown$$0000000F)
    __rt_lib_shutdown_return                 0x00000147   Thumb Code     0  libshutdown2.o(.ARM.Collect$$libshutdown$$00000010)
    __rt_lib_shutdown_signal_1               0x00000147   Thumb Code     0  libshutdown2.o(.ARM.Collect$$libshutdown$$0000000A)
    __rt_lib_shutdown_stdio_1                0x00000147   Thumb Code     0  libshutdown2.o(.ARM.Collect$$libshutdown$$00000004)
    __rt_lib_shutdown_user_alloc_1           0x00000147   Thumb Code     0  libshutdown2.o(.ARM.Collect$$libshutdown$$0000000C)
    __rt_entry                               0x00000149   Thumb Code     0  __rtentry.o(.ARM.Collect$$rtentry$$00000000)
    __rt_entry_presh_1                       0x00000149   Thumb Code     0  __rtentry2.o(.ARM.Collect$$rtentry$$00000002)
    __rt_entry_sh                            0x00000149   Thumb Code     0  __rtentry4.o(.ARM.Collect$$rtentry$$00000004)
    __rt_entry_li                            0x0000014f   Thumb Code     0  __rtentry2.o(.ARM.Collect$$rtentry$$0000000A)
    __rt_entry_postsh_1                      0x0000014f   Thumb Code     0  __rtentry2.o(.ARM.Collect$$rtentry$$00000009)
    __rt_entry_main                          0x00000153   Thumb Code     0  __rtentry2.o(.ARM.Collect$$rtentry$$0000000D)
    __rt_entry_postli_1                      0x00000153   Thumb Code     0  __rtentry2.o(.ARM.Collect$$rtentry$$0000000C)
    __rt_exit                                0x0000015b   Thumb Code     0  rtexit.o(.ARM.Collect$$rtexit$$00000000)
    __rt_exit_ls                             0x0000015d   Thumb Code     0  rtexit2.o(.ARM.Collect$$rtexit$$00000003)
    __rt_exit_prels_1                        0x0000015d   Thumb Code     0  rtexit2.o(.ARM.Collect$$rtexit$$00000002)
    __rt_exit_exit                           0x00000161   Thumb Code     0  rtexit2.o(.ARM.Collect$$rtexit$$00000004)
    SystemInit                               0x00000169   Thumb Code   308  system_lpc17xx.o(.text)
    _maybe_terminate_alloc                   0x00000169   Thumb Code     0  maybetermalloc1.o(.emb_text)
    Reset_Handler                            0x000002b1   Thumb Code     4  startup_lpc17xx.o(.text)
    NMI_Handler                              0x000002b5   Thumb Code     2  startup_lpc17xx.o(.text)
    HardFault_Handler                        0x000002b7   Thumb Code     2  startup_lpc17xx.o(.text)
    MemManage_Handler                        0x000002b9   Thumb Code     2  startup_lpc17xx.o(.text)
    BusFault_Handler                         0x000002bb   Thumb Code     2  startup_lpc17xx.o(.text)
    UsageFault_Handler                       0x000002bd   Thumb Code     2  startup_lpc17xx.o(.text)
    SVC_Handler                              0x000002bf   Thumb Code     2  startup_lpc17xx.o(.text)
    DebugMon_Handler                         0x000002c1   Thumb Code     2  startup_lpc17xx.o(.text)
    PendSV_Handler                           0x000002c3   Thumb Code     2  startup_lpc17xx.o(.text)
    ADC_IRQHandler                           0x000002c7   Thumb Code     0  startup_lpc17xx.o(.text)
    BOD_IRQHandler                           0x000002c7   Thumb Code     0  startup_lpc17xx.o(.text)
    CAN_IRQHandler                           0x000002c7   Thumb Code     0  startup_lpc17xx.o(.text)
    DMA_IRQHandler                           0x000002c7   Thumb Code     0  startup_lpc17xx.o(.text)
    ENET_IRQHandler                          0x000002c7   Thumb Code     0  startup_lpc17xx.o(.text)
    I2C0_IRQHandler                          0x000002c7   Thumb Code     0  startup_lpc17xx.o(.text)
    I2C1_IRQHandler                          0x000002c7   Thumb Code     0  startup_lpc17xx.o(.text)
    I2C2_IRQHandler                          0x000002c7   Thumb Code     0  startup_lpc17xx.o(.text)
    I2S_IRQHandler                           0x000002c7   Thumb Code     0  startup_lpc17xx.o(.text)
    MCPWM_IRQHandler                         0x000002c7   Thumb Code     0  startup_lpc17xx.o(.text)
    PLL0_IRQHandler                          0x000002c7   Thumb Code     0  startup_lpc17xx.o(.text)
    PLL1_IRQHandler                          0x000002c7   Thumb Code     0  startup_lpc17xx.o(.text)
    PWM1_IRQHandler                          0x000002c7   Thumb Code     0  startup_lpc17xx.o(.text)
    QEI_IRQHandler                           0x000002c7   Thumb Code     0  startup_lpc17xx.o(.text)
    RIT_IRQHandler                           0x000002c7   Thumb Code     0  startup_lpc17xx.o(.text)
    RTC_IRQHandler                           0x000002c7   Thumb Code     0  startup_lpc17xx.o(.text)
    SPI_IRQHandler                           0x000002c7   Thumb Code     0  startup_lpc17xx.o(.text)
    SSP0_IRQHandler                          0x000002c7   Thumb Code     0  startup_lpc17xx.o(.text)
    SSP1_IRQHandler                          0x000002c7   Thumb Code     0  startup_lpc17xx.o(.text)
    TIMER1_IRQHandler                        0x000002c7   Thumb Code     0  startup_lpc17xx.o(.text)
    TIMER2_IRQHandler                        0x000002c7   Thumb Code     0  startup_lpc17xx.o(.text)
    TIMER3_IRQHandler                        0x000002c7   Thumb Code     0  startup_lpc17xx.o(.text)
    UART0_IRQHandler                         0x000002c7   Thumb Code     0  startup_lpc17xx.o(.text)
    UART1_IRQHandler                         0x000002c7   Thumb Code     0  startup_lpc17xx.o(.text)
    UART2_IRQHandler                         0x000002c7   Thumb Code     0  startup_lpc17xx.o(.text)
    UART3_IRQHandler                         0x000002c7   Thumb Code     0  startup_lpc17xx.o(.text)
    USB_IRQHandler                           0x000002c7   Thumb Code     0  startup_lpc17xx.o(.text)
    WDT_IRQHandler                           0x000002c7   Thumb Code     0  startup_lpc17xx.o(.text)
    __user_initial_stackheap                 0x000002c9   Thumb Code     0  startup_lpc17xx.o(.text)
    __use_two_region_memory                  0x000002e9   Thumb Code     2  heapauxi.o(.text)
    __rt_heap_escrow                         0x000002eb   Thumb Code     2  heapauxi.o(.text)
    __rt_heap_expand                         0x000002ed   Thumb Code     2  heapauxi.o(.text)
    __rt_heap_descriptor                     0x000002f1   Thumb Code     8  rt_heap_descriptor_intlibspace.o(.text)
    __use_no_heap                            0x000002f9   Thumb Code     2  hguard.o(.text)
    __heap$guard                             0x000002fb   Thumb Code     2  hguard.o(.text)
    LPC17xx_SPI_SetSpeed                     0x00000301   Thumb Code    16  lpc17xx_spi.o(.text)
    LPC17xx_SPI_DeSelect                     0x00000311   Thumb Code    12  lpc17xx_spi.o(.text)
    LPC17xx_SPI_Init                         0x0000031d   Thumb Code   122  lpc17xx_spi.o(.text)
    LPC17xx_SPI_DeInit                       0x00000397   Thumb Code    38  lpc17xx_spi.o(.text)
    LPC17xx_SPI_Select                       0x000003bd   Thumb Code    12  lpc17xx_spi.o(.text)
    LPC17xx_SPI_SendByte                     0x000003c9   Thumb Code     4  lpc17xx_spi.o(.text)
    LPC17xx_SPI_RecvByte                     0x000003cd   Thumb Code     6  lpc17xx_spi.o(.text)
    LPC17xx_SPI_Release                      0x000003d3   Thumb Code    16  lpc17xx_spi.o(.text)
    LPC17xx_SPI_RecvBlock_FIFO               0x000003e3   Thumb Code    80  lpc17xx_spi.o(.text)
    LPC17xx_SPI_SendBlock_FIFO               0x00000433   Thumb Code    66  lpc17xx_spi.o(.text)
    disk_initialize                          0x000007ab   Thumb Code    36  lpc17xx_sd.o(.text)
    disk_ioctl                               0x000007cf   Thumb Code   172  lpc17xx_sd.o(.text)
    disk_read                                0x0000087b   Thumb Code    42  lpc17xx_sd.o(.text)
    disk_status                              0x000008a5   Thumb Code    12  lpc17xx_sd.o(.text)
    disk_timerproc                           0x000008b1   Thumb Code    22  lpc17xx_sd.o(.text)
    disk_write                               0x00000905   Thumb Code    42  lpc17xx_sd.o(.text)
    LPC17xx_RTC_GetTime                      0x00000a3d   Thumb Code    38  lpc17xx_rtc.o(.text)
    rtc_gettime                              0x00000a63   Thumb Code     2  lpc17xx_rtc.o(.text)
    LPC17xx_RTC_Start                        0x00000a65   Thumb Code    12  lpc17xx_rtc.o(.text)
    LPC17xx_RTC_SetTime                      0x00000a71   Thumb Code    38  lpc17xx_rtc.o(.text)
    LPC17xx_RTC_Stop                         0x00000a97   Thumb Code    12  lpc17xx_rtc.o(.text)
    rtc_settime                              0x00000aa3   Thumb Code    20  lpc17xx_rtc.o(.text)
    LPC17xx_RTC_Init                         0x00000ab7   Thumb Code    44  lpc17xx_rtc.o(.text)
    LPC17xx_RTC_CTCReset                     0x00000ae3   Thumb Code    12  lpc17xx_rtc.o(.text)
    get_fat                                  0x00000c19   Thumb Code   176  ff.o(.text)
    put_fat                                  0x00000cc9   Thumb Code   232  ff.o(.text)
    clust2sect                               0x00000ea5   Thumb Code    24  ff.o(.text)
    gen_numname                              0x00001027   Thumb Code   110  ff.o(.text)
    chk_mounted                              0x0000186b   Thumb Code   456  ff.o(.text)
    f_mount                                  0x00001a33   Thumb Code    28  ff.o(.text)
    f_open                                   0x00001a4f   Thumb Code   326  ff.o(.text)
    f_read                                   0x00001b95   Thumb Code   370  ff.o(.text)
    f_write                                  0x00001d07   Thumb Code   402  ff.o(.text)
    f_sync                                   0x00001e99   Thumb Code   164  ff.o(.text)
    f_close                                  0x00001f3d   Thumb Code    18  ff.o(.text)
    f_chdrive                                0x00001f4f   Thumb Code    14  ff.o(.text)
    f_chdir                                  0x00001f5d   Thumb Code    70  ff.o(.text)
    f_lseek                                  0x00001fa3   Thumb Code   318  ff.o(.text)
    f_opendir                                0x000020e1   Thumb Code    82  ff.o(.text)
    f_readdir                                0x00002133   Thumb Code    84  ff.o(.text)
    f_stat                                   0x00002187   Thumb Code    62  ff.o(.text)
    f_getfree                                0x000021c5   Thumb Code   194  ff.o(.text)
    f_truncate                               0x00002287   Thumb Code   144  ff.o(.text)
    f_unlink                                 0x00002317   Thumb Code   164  ff.o(.text)
    f_mkdir                                  0x000023bb   Thumb Code   402  ff.o(.text)
    f_chmod                                  0x0000254d   Thumb Code    88  ff.o(.text)
    f_utime                                  0x000025a5   Thumb Code    92  ff.o(.text)
    f_rename                                 0x00002601   Thumb Code   260  ff.o(.text)
    f_mkfs                                   0x00002705   Thumb Code  1246  ff.o(.text)
    f_gets                                   0x00002be3   Thumb Code    64  ff.o(.text)
    f_putc                                   0x00002c23   Thumb Code    38  ff.o(.text)
    f_puts                                   0x00002c49   Thumb Code    40  ff.o(.text)
    f_printf                                 0x00002c71   Thumb Code   350  ff.o(.text)
    ff_convert                               0x00002e39   Thumb Code    52  ccsbcs.o(.text)
    ff_wtoupper                              0x00002e6d   Thumb Code    28  ccsbcs.o(.text)
    parseString                              0x00002e95   Thumb Code   190  main.o(.text)
    SysTick_Handler                          0x00002f53   Thumb Code    68  main.o(.text)
    Vout                                     0x00002f97   Thumb Code     8  main.o(.text)
    DACInit                                  0x00002f9f   Thumb Code    26  main.o(.text)
    get_fattime                              0x00002fb9   Thumb Code    60  main.o(.text)
    readBuffer                               0x00002ff5   Thumb Code    56  main.o(.text)
    initExternalInterrupt                    0x0000302d   Thumb Code    86  main.o(.text)
    EINT0_IRQHandler                         0x00003083   Thumb Code   130  main.o(.text)
    EINT2_IRQHandler                         0x00003105   Thumb Code    48  main.o(.text)
    EINT1_IRQHandler                         0x00003135   Thumb Code    56  main.o(.text)
    EINT3_IRQHandler                         0x0000316d   Thumb Code    58  main.o(.text)
    isWAV                                    0x000031a7   Thumb Code    48  main.o(.text)
    initTimer0                               0x000031d7   Thumb Code    76  main.o(.text)
    main                                     0x00003223   Thumb Code   566  main.o(.text)
    TIMER0_IRQHandler                        0x00003459   Thumb Code   104  main.o(.text)
    UART_SetBaudRate                         0x000035b9   Thumb Code    76  uart.o(.text)
    UART_Init                                0x00003605   Thumb Code    44  uart.o(.text)
    UART_RxChar                              0x00003631   Thumb Code    12  uart.o(.text)
    UART_TxChar                              0x0000363d   Thumb Code    12  uart.o(.text)
    UART_TxString                            0x00003649   Thumb Code    20  uart.o(.text)
    UART_RxString                            0x0000365d   Thumb Code    34  uart.o(.text)
    UART_TxDecimalNumber                     0x0000367f   Thumb Code    98  uart.o(.text)
    UART_TxHexNumber                         0x000036e1   Thumb Code    92  uart.o(.text)
    UART_TxBinaryNumber                      0x0000373d   Thumb Code    34  uart.o(.text)
    UART_TxFloatNumber                       0x0000375f   Thumb Code    52  uart.o(.text)
    UART_Printf                              0x00003793   Thumb Code   282  uart.o(.text)
    add_last                                 0x000038c5   Thumb Code    40  list.o(.text)
    malloc                                   0x000038ed   Thumb Code    94  h1_alloc.o(.text)
    __aeabi_memcpy4                          0x0000394b   Thumb Code     0  rt_memcpy_w.o(.text)
    __aeabi_memcpy8                          0x0000394b   Thumb Code     0  rt_memcpy_w.o(.text)
    __rt_memcpy_w                            0x0000394b   Thumb Code   100  rt_memcpy_w.o(.text)
    _memcpy_lastbytes_aligned                0x00003993   Thumb Code     0  rt_memcpy_w.o(.text)
    __aeabi_memclr4                          0x000039af   Thumb Code     0  rt_memclr_w.o(.text)
    __aeabi_memclr8                          0x000039af   Thumb Code     0  rt_memclr_w.o(.text)
    __rt_memclr_w                            0x000039af   Thumb Code    78  rt_memclr_w.o(.text)
    _memset_w                                0x000039b3   Thumb Code     0  rt_memclr_w.o(.text)
    _terminate_user_alloc                    0x000039fd   Thumb Code     2  init_alloc.o(.text)
    _init_user_alloc                         0x000039ff   Thumb Code     2  init_alloc.o(.text)
    __Heap_Full                              0x00003a01   Thumb Code    34  init_alloc.o(.text)
    __Heap_Broken                            0x00003a23   Thumb Code     6  init_alloc.o(.text)
    _init_alloc                              0x00003a29   Thumb Code    94  init_alloc.o(.text)
    __Heap_Initialize                        0x00003a87   Thumb Code    10  h1_init.o(.text)
    __Heap_DescSize                          0x00003a91   Thumb Code     4  h1_init.o(.text)
    free                                     0x00003a95   Thumb Code    78  h1_free.o(.text)
    __user_libspace                          0x00003ae5   Thumb Code     8  libspace.o(.text)
    __user_perproc_libspace                  0x00003ae5   Thumb Code     0  libspace.o(.text)
    __user_perthread_libspace                0x00003ae5   Thumb Code     0  libspace.o(.text)
    __Heap_ProvideMemory                     0x00003aed   Thumb Code    52  h1_extend.o(.text)
    __rt_SIGRTMEM                            0x00003b21   Thumb Code    14  defsig_rtmem_outer.o(.text)
    __I$use$semihosting                      0x00003b2f   Thumb Code     0  use_no_semi.o(.text)
    __use_no_semihosting_swi                 0x00003b2f   Thumb Code     2  use_no_semi.o(.text)
    __semihosting_library_function           0x00003b31   Thumb Code     0  indicate_semi.o(.text)
    __user_setup_stackheap                   0x00003b31   Thumb Code    74  sys_stackheap_outer.o(.text)
    exit                                     0x00003b7b   Thumb Code    18  exit.o(.text)
    __sig_exit                               0x00003b8d   Thumb Code    10  defsig_exit.o(.text)
    __rt_SIGRTMEM_inner                      0x00003b99   Thumb Code    22  defsig_rtmem_inner.o(.text)
    _sys_exit                                0x00003be9   Thumb Code     8  sys_exit.o(.text)
    __default_signal_display                 0x00003bf5   Thumb Code    50  defsig_general.o(.text)
    _ttywrch                                 0x00003c27   Thumb Code    14  sys_wrch.o(.text)
    __aeabi_d2f                              0x00003c35   Thumb Code     0  d2f.o(x$fpl$d2f)
    _d2f                                     0x00003c35   Thumb Code    98  d2f.o(x$fpl$d2f)
    __fpl_dnaninf                            0x00003c97   Thumb Code   156  dnaninf.o(x$fpl$dnaninf)
    __aeabi_fadd                             0x00003d35   Thumb Code     0  faddsub_clz.o(x$fpl$fadd)
    _fadd                                    0x00003d35   Thumb Code   196  faddsub_clz.o(x$fpl$fadd)
    __aeabi_f2uiz                            0x00003df9   Thumb Code     0  ffixu.o(x$fpl$ffixu)
    _ffixu                                   0x00003df9   Thumb Code    62  ffixu.o(x$fpl$ffixu)
    __aeabi_ui2f                             0x00003e39   Thumb Code     0  fflt_clz.o(x$fpl$ffltu)
    _ffltu                                   0x00003e39   Thumb Code    38  fflt_clz.o(x$fpl$ffltu)
    __aeabi_fmul                             0x00003e61   Thumb Code     0  fmul.o(x$fpl$fmul)
    _fmul                                    0x00003e61   Thumb Code   258  fmul.o(x$fpl$fmul)
    __fpl_fnaninf                            0x00003f63   Thumb Code   140  fnaninf.o(x$fpl$fnaninf)
    __fpl_fretinf                            0x00003fef   Thumb Code    10  fretinf.o(x$fpl$fretinf)
    __aeabi_frsub                            0x00003ff9   Thumb Code     0  faddsub_clz.o(x$fpl$frsb)
    _frsb                                    0x00003ff9   Thumb Code    20  faddsub_clz.o(x$fpl$frsb)
    __aeabi_fsub                             0x0000400d   Thumb Code     0  faddsub_clz.o(x$fpl$fsub)
    _fsub                                    0x0000400d   Thumb Code   234  faddsub_clz.o(x$fpl$fsub)
    __I$use$fp                               0x000040f6   Number         0  usenofp.o(x$fpl$usenofp)
    Region$$Table$$Base                      0x0000468c   Number         0  anon$$obj.o(Region$$Table)
    Region$$Table$$Limit                     0x000046bc   Number         0  anon$$obj.o(Region$$Table)
    str                                      0x10000000   Data          56  main.o(.bss)
    buffer                                   0x10000038   Data        1024  main.o(.bss)
    buffer1                                  0x10000438   Data        1024  main.o(.bss)
    drive                                    0x10000838   Data         564  main.o(.bss)
    file                                     0x10000a6c   Data         548  main.o(.bss)
    file1                                    0x10000c90   Data         548  main.o(.bss)
    Dir                                      0x10000eb4   Data          36  main.o(.bss)
    fileInfo                                 0x10000ed8   Data          32  main.o(.bss)
    SystemFrequency                          0x2007c000   Data           4  system_lpc17xx.o(.data)
    initRead                                 0x2007c010   Data           1  main.o(.data)
    isEnabled                                0x2007c011   Data           1  main.o(.data)
    shouldParse                              0x2007c012   Data           1  main.o(.data)
    firstTime0                               0x2007c013   Data           1  main.o(.data)
    firstTime1                               0x2007c014   Data           1  main.o(.data)
    firstTime2                               0x2007c015   Data           1  main.o(.data)
    firstTime3                               0x2007c016   Data           1  main.o(.data)
    result                                   0x2007c017   Data           1  main.o(.data)
    status                                   0x2007c018   Data           1  main.o(.data)
    already                                  0x2007c019   Data           1  main.o(.data)
    readit                                   0x2007c01a   Data           1  main.o(.data)
    Timer                                    0x2007c01c   Data           4  main.o(.data)
    first                                    0x2007c024   Data           4  main.o(.data)
    last                                     0x2007c028   Data           4  main.o(.data)
    counter                                  0x2007c02c   Data           4  main.o(.data)
    maxFileSize                              0x2007c030   Data           4  main.o(.data)
    pointer                                  0x2007c040   Data           4  main.o(.data)
    s1                                       0x2007c048   Data           4  main.o(.data)
    number_of_songs                          0x2007c04c   Data           4  main.o(.data)
    __libspace_start                         0x2007c288   Data          96  libspace.o(.bss)
    __temporary_stack_top$libspace           0x2007c2e8   Data           0  libspace.o(.bss)



==============================================================================

Memory Map of the image

  Image Entry point : 0x000000c5

  Load Region LR_IROM1 (Base: 0x00000000, Size: 0x0000470c, Max: 0x00080000, ABSOLUTE)

    Execution Region ER_IROM1 (Exec base: 0x00000000, Load base: 0x00000000, Size: 0x000046bc, Max: 0x00080000, ABSOLUTE)

    Exec Addr    Load Addr    Size         Type   Attr      Idx    E Section Name        Object

    0x00000000   0x00000000   0x000000c4   Data   RO           32    RESET               startup_lpc17xx.o
    0x000000c4   0x000000c4   0x00000008   Code   RO          404  * !!!main             c_w.l(__main.o)
    0x000000cc   0x000000cc   0x00000034   Code   RO          792    !!!scatter          c_w.l(__scatter.o)
    0x00000100   0x00000100   0x0000001a   Code   RO          794    !!handler_copy      c_w.l(__scatter_copy.o)
    0x0000011a   0x0000011a   0x00000002   PAD
    0x0000011c   0x0000011c   0x0000001c   Code   RO          796    !!handler_zi        c_w.l(__scatter_zi.o)
    0x00000138   0x00000138   0x00000002   Code   RO          722    .ARM.Collect$$libinit$$00000000  c_w.l(libinit.o)
    0x0000013a   0x0000013a   0x00000000   Code   RO          554    .ARM.Collect$$libinit$$00000002  c_w.l(libinit2.o)
    0x0000013a   0x0000013a   0x00000000   Code   RO          556    .ARM.Collect$$libinit$$00000004  c_w.l(libinit2.o)
    0x0000013a   0x0000013a   0x00000008   Code   RO          557    .ARM.Collect$$libinit$$00000005  c_w.l(libinit2.o)
    0x00000142   0x00000142   0x00000000   Code   RO          559    .ARM.Collect$$libinit$$0000000A  c_w.l(libinit2.o)
    0x00000142   0x00000142   0x00000000   Code   RO          561    .ARM.Collect$$libinit$$0000000C  c_w.l(libinit2.o)
    0x00000142   0x00000142   0x00000000   Code   RO          563    .ARM.Collect$$libinit$$0000000E  c_w.l(libinit2.o)
    0x00000142   0x00000142   0x00000000   Code   RO          566    .ARM.Collect$$libinit$$00000011  c_w.l(libinit2.o)
    0x00000142   0x00000142   0x00000000   Code   RO          568    .ARM.Collect$$libinit$$00000013  c_w.l(libinit2.o)
    0x00000142   0x00000142   0x00000000   Code   RO          570    .ARM.Collect$$libinit$$00000015  c_w.l(libinit2.o)
    0x00000142   0x00000142   0x00000000   Code   RO          572    .ARM.Collect$$libinit$$00000017  c_w.l(libinit2.o)
    0x00000142   0x00000142   0x00000000   Code   RO          574    .ARM.Collect$$libinit$$00000019  c_w.l(libinit2.o)
    0x00000142   0x00000142   0x00000000   Code   RO          576    .ARM.Collect$$libinit$$0000001B  c_w.l(libinit2.o)
    0x00000142   0x00000142   0x00000000   Code   RO          578    .ARM.Collect$$libinit$$0000001D  c_w.l(libinit2.o)
    0x00000142   0x00000142   0x00000000   Code   RO          580    .ARM.Collect$$libinit$$0000001F  c_w.l(libinit2.o)
    0x00000142   0x00000142   0x00000000   Code   RO          582    .ARM.Collect$$libinit$$00000021  c_w.l(libinit2.o)
    0x00000142   0x00000142   0x00000000   Code   RO          584    .ARM.Collect$$libinit$$00000023  c_w.l(libinit2.o)
    0x00000142   0x00000142   0x00000000   Code   RO          586    .ARM.Collect$$libinit$$00000025  c_w.l(libinit2.o)
    0x00000142   0x00000142   0x00000000   Code   RO          590    .ARM.Collect$$libinit$$0000002C  c_w.l(libinit2.o)
    0x00000142   0x00000142   0x00000000   Code   RO          592    .ARM.Collect$$libinit$$0000002E  c_w.l(libinit2.o)
    0x00000142   0x00000142   0x00000000   Code   RO          594    .ARM.Collect$$libinit$$00000030  c_w.l(libinit2.o)
    0x00000142   0x00000142   0x00000000   Code   RO          596    .ARM.Collect$$libinit$$00000032  c_w.l(libinit2.o)
    0x00000142   0x00000142   0x00000002   Code   RO          597    .ARM.Collect$$libinit$$00000033  c_w.l(libinit2.o)
    0x00000144   0x00000144   0x00000002   Code   RO          789    .ARM.Collect$$libshutdown$$00000000  c_w.l(libshutdown.o)
    0x00000146   0x00000146   0x00000000   Code   RO          745    .ARM.Collect$$libshutdown$$00000002  c_w.l(libshutdown2.o)
    0x00000146   0x00000146   0x00000000   Code   RO          747    .ARM.Collect$$libshutdown$$00000004  c_w.l(libshutdown2.o)
    0x00000146   0x00000146   0x00000000   Code   RO          750    .ARM.Collect$$libshutdown$$00000007  c_w.l(libshutdown2.o)
    0x00000146   0x00000146   0x00000000   Code   RO          753    .ARM.Collect$$libshutdown$$0000000A  c_w.l(libshutdown2.o)
    0x00000146   0x00000146   0x00000000   Code   RO          755    .ARM.Collect$$libshutdown$$0000000C  c_w.l(libshutdown2.o)
    0x00000146   0x00000146   0x00000000   Code   RO          758    .ARM.Collect$$libshutdown$$0000000F  c_w.l(libshutdown2.o)
    0x00000146   0x00000146   0x00000002   Code   RO          759    .ARM.Collect$$libshutdown$$00000010  c_w.l(libshutdown2.o)
    0x00000148   0x00000148   0x00000000   Code   RO          428    .ARM.Collect$$rtentry$$00000000  c_w.l(__rtentry.o)
    0x00000148   0x00000148   0x00000000   Code   RO          613    .ARM.Collect$$rtentry$$00000002  c_w.l(__rtentry2.o)
    0x00000148   0x00000148   0x00000006   Code   RO          625    .ARM.Collect$$rtentry$$00000004  c_w.l(__rtentry4.o)
    0x0000014e   0x0000014e   0x00000000   Code   RO          615    .ARM.Collect$$rtentry$$00000009  c_w.l(__rtentry2.o)
    0x0000014e   0x0000014e   0x00000004   Code   RO          616    .ARM.Collect$$rtentry$$0000000A  c_w.l(__rtentry2.o)
    0x00000152   0x00000152   0x00000000   Code   RO          618    .ARM.Collect$$rtentry$$0000000C  c_w.l(__rtentry2.o)
    0x00000152   0x00000152   0x00000008   Code   RO          619    .ARM.Collect$$rtentry$$0000000D  c_w.l(__rtentry2.o)
    0x0000015a   0x0000015a   0x00000002   Code   RO          729    .ARM.Collect$$rtexit$$00000000  c_w.l(rtexit.o)
    0x0000015c   0x0000015c   0x00000000   Code   RO          763    .ARM.Collect$$rtexit$$00000002  c_w.l(rtexit2.o)
    0x0000015c   0x0000015c   0x00000004   Code   RO          764    .ARM.Collect$$rtexit$$00000003  c_w.l(rtexit2.o)
    0x00000160   0x00000160   0x00000006   Code   RO          765    .ARM.Collect$$rtexit$$00000004  c_w.l(rtexit2.o)
    0x00000166   0x00000166   0x00000002   PAD
    0x00000168   0x00000168   0x00000000   Code   RO          629    .emb_text           c_w.l(maybetermalloc1.o)
    0x00000168   0x00000168   0x00000148   Code   RO            1    .text               system_lpc17xx.o
    0x000002b0   0x000002b0   0x00000038   Code   RO           34    .text               startup_lpc17xx.o
    0x000002e8   0x000002e8   0x00000006   Code   RO          402    .text               c_w.l(heapauxi.o)
    0x000002ee   0x000002ee   0x00000002   PAD
    0x000002f0   0x000002f0   0x00000008   Code   RO          432    .text               c_w.l(rt_heap_descriptor_intlibspace.o)
    0x000002f8   0x000002f8   0x00000004   Code   RO          434    .text               c_w.l(hguard.o)
    0x000002fc   0x000002fc   0x00000004   Code   RO           33    .ARM.__at_0x02FC    startup_lpc17xx.o
    0x00000300   0x00000300   0x00000194   Code   RO           41    .text               lpc17xx_spi.o
    0x00000494   0x00000494   0x000005a8   Code   RO           70    .text               lpc17xx_sd.o
    0x00000a3c   0x00000a3c   0x000000bc   Code   RO          124    .text               lpc17xx_rtc.o
    0x00000af8   0x00000af8   0x00002340   Code   RO          159    .text               ff.o
    0x00002e38   0x00002e38   0x0000005c   Code   RO          188    .text               ccsbcs.o
    0x00002e94   0x00002e94   0x00000724   Code   RO          211    .text               main.o
    0x000035b8   0x000035b8   0x0000030c   Code   RO          294    .text               uart.o
    0x000038c4   0x000038c4   0x00000028   Code   RO          320    .text               list.o
    0x000038ec   0x000038ec   0x0000005e   Code   RO          342    .text               c_w.l(h1_alloc.o)
    0x0000394a   0x0000394a   0x00000064   Code   RO          398    .text               c_w.l(rt_memcpy_w.o)
    0x000039ae   0x000039ae   0x0000004e   Code   RO          400    .text               c_w.l(rt_memclr_w.o)
    0x000039fc   0x000039fc   0x0000008a   Code   RO          436    .text               c_w.l(init_alloc.o)
    0x00003a86   0x00003a86   0x0000000e   Code   RO          442    .text               c_w.l(h1_init.o)
    0x00003a94   0x00003a94   0x0000004e   Code   RO          444    .text               c_w.l(h1_free.o)
    0x00003ae2   0x00003ae2   0x00000002   PAD
    0x00003ae4   0x00003ae4   0x00000008   Code   RO          609    .text               c_w.l(libspace.o)
    0x00003aec   0x00003aec   0x00000034   Code   RO          631    .text               c_w.l(h1_extend.o)
    0x00003b20   0x00003b20   0x0000000e   Code   RO          650    .text               c_w.l(defsig_rtmem_outer.o)
    0x00003b2e   0x00003b2e   0x00000002   Code   RO          661    .text               c_w.l(use_no_semi.o)
    0x00003b30   0x00003b30   0x00000000   Code   RO          663    .text               c_w.l(indicate_semi.o)
    0x00003b30   0x00003b30   0x0000004a   Code   RO          664    .text               c_w.l(sys_stackheap_outer.o)
    0x00003b7a   0x00003b7a   0x00000012   Code   RO          707    .text               c_w.l(exit.o)
    0x00003b8c   0x00003b8c   0x0000000a   Code   RO          709    .text               c_w.l(defsig_exit.o)
    0x00003b96   0x00003b96   0x00000002   PAD
    0x00003b98   0x00003b98   0x00000050   Code   RO          711    .text               c_w.l(defsig_rtmem_inner.o)
    0x00003be8   0x00003be8   0x0000000c   Code   RO          727    .text               c_w.l(sys_exit.o)
    0x00003bf4   0x00003bf4   0x00000032   Code   RO          740    .text               c_w.l(defsig_general.o)
    0x00003c26   0x00003c26   0x0000000e   Code   RO          760    .text               c_w.l(sys_wrch.o)
    0x00003c34   0x00003c34   0x00000062   Code   RO          406    x$fpl$d2f           fz_ws.l(d2f.o)
    0x00003c96   0x00003c96   0x0000009c   Code   RO          598    x$fpl$dnaninf       fz_ws.l(dnaninf.o)
    0x00003d32   0x00003d32   0x00000002   PAD
    0x00003d34   0x00003d34   0x000000c4   Code   RO          408    x$fpl$fadd          fz_ws.l(faddsub_clz.o)
    0x00003df8   0x00003df8   0x0000003e   Code   RO          414    x$fpl$ffixu         fz_ws.l(ffixu.o)
    0x00003e36   0x00003e36   0x00000002   PAD
    0x00003e38   0x00003e38   0x00000026   Code   RO          418    x$fpl$ffltu         fz_ws.l(fflt_clz.o)
    0x00003e5e   0x00003e5e   0x00000002   PAD
    0x00003e60   0x00003e60   0x00000102   Code   RO          424    x$fpl$fmul          fz_ws.l(fmul.o)
    0x00003f62   0x00003f62   0x0000008c   Code   RO          600    x$fpl$fnaninf       fz_ws.l(fnaninf.o)
    0x00003fee   0x00003fee   0x0000000a   Code   RO          602    x$fpl$fretinf       fz_ws.l(fretinf.o)
    0x00003ff8   0x00003ff8   0x00000014   Code   RO          409    x$fpl$frsb          fz_ws.l(faddsub_clz.o)
    0x0000400c   0x0000400c   0x000000ea   Code   RO          410    x$fpl$fsub          fz_ws.l(faddsub_clz.o)
    0x000040f6   0x000040f6   0x00000000   Code   RO          606    x$fpl$usenofp       fz_ws.l(usenofp.o)
    0x000040f6   0x000040f6   0x00000002   PAD
    0x000040f8   0x000040f8   0x000000d2   Data   RO          161    .constdata          ff.o
    0x000041ca   0x000041ca   0x000004c0   Data   RO          189    .constdata          ccsbcs.o
    0x0000468a   0x0000468a   0x00000002   PAD
    0x0000468c   0x0000468c   0x00000030   Data   RO          790    Region$$Table       anon$$obj.o


    Execution Region RW_IRAM1 (Exec base: 0x10000000, Load base: 0x000046bc, Size: 0x00000ef8, Max: 0x00008000, ABSOLUTE)

    Exec Addr    Load Addr    Size         Type   Attr      Idx    E Section Name        Object

    0x10000000        -       0x00000ef8   Zero   RW          212    .bss                main.o


    Execution Region RW_IRAM2 (Exec base: 0x2007c000, Load base: 0x000046bc, Size: 0x000008e8, Max: 0x00008000, ABSOLUTE)

    Exec Addr    Load Addr    Size         Type   Attr      Idx    E Section Name        Object

    0x2007c000   0x000046bc   0x00000004   Data   RW            2    .data               system_lpc17xx.o
    0x2007c004   0x000046c0   0x00000004   Data   RW           72    .data               lpc17xx_sd.o
    0x2007c008   0x000046c4   0x00000008   Data   RW          162    .data               ff.o
    0x2007c010   0x000046cc   0x00000040   Data   RW          216    .data               main.o
    0x2007c050        -       0x00000038   Zero   RW           71    .bss                lpc17xx_sd.o
    0x2007c088        -       0x00000200   Zero   RW          160    .bss                ff.o
    0x2007c288        -       0x00000060   Zero   RW          610    .bss                c_w.l(libspace.o)
    0x2007c2e8        -       0x00000200   Zero   RW           31    HEAP                startup_lpc17xx.o
    0x2007c4e8        -       0x00000400   Zero   RW           30    STACK               startup_lpc17xx.o


==============================================================================

Image component sizes


      Code (inc. data)   RO Data    RW Data    ZI Data      Debug   Object Name

        92         12       1216          0          0       1849   ccsbcs.o
      9024        114        210          8        512      34805   ff.o
        40          0          0          0          0       4899   list.o
       188         10          0          0          0       2257   lpc17xx_rtc.o
      1448         28          0          4         56       8725   lpc17xx_sd.o
       404         16          0          0          0       2953   lpc17xx_spi.o
         0          0          0          0          0      16952   lpc17xx_uart.o
      1828        242          0         64       3832      17170   main.o
        60         26        196          0       1536       1004   startup_lpc17xx.o
       328         20          0          4          0       5319   system_lpc17xx.o
       780         24          0          0          0       7798   uart.o

    ----------------------------------------------------------------------
     14192        492       1672         80       5936     103731   Object Totals
         0          0         48          0          0          0   (incl. Generated)
         0          0          2          0          0          0   (incl. Padding)

    ----------------------------------------------------------------------

      Code (inc. data)   RO Data    RW Data    ZI Data      Debug   Library Member Name

         8          0          0          0          0         68   __main.o
         0          0          0          0          0          0   __rtentry.o
        12          0          0          0          0          0   __rtentry2.o
         6          0          0          0          0          0   __rtentry4.o
        52          8          0          0          0          0   __scatter.o
        26          0          0          0          0          0   __scatter_copy.o
        28          0          0          0          0          0   __scatter_zi.o
        10          0          0          0          0         68   defsig_exit.o
        50          0          0          0          0         88   defsig_general.o
        80         58          0          0          0         76   defsig_rtmem_inner.o
        14          0          0          0          0         80   defsig_rtmem_outer.o
        18          0          0          0          0         80   exit.o
        94          0          0          0          0         80   h1_alloc.o
        52          0          0          0          0         68   h1_extend.o
        78          0          0          0          0         80   h1_free.o
        14          0          0          0          0         84   h1_init.o
         6          0          0          0          0        152   heapauxi.o
         4          0          0          0          0        136   hguard.o
         0          0          0          0          0          0   indicate_semi.o
       138          0          0          0          0        168   init_alloc.o
         2          0          0          0          0          0   libinit.o
        10          0          0          0          0          0   libinit2.o
         2          0          0          0          0          0   libshutdown.o
         2          0          0          0          0          0   libshutdown2.o
         8          4          0          0         96         68   libspace.o
         0          0          0          0          0          0   maybetermalloc1.o
         8          4          0          0          0         68   rt_heap_descriptor_intlibspace.o
        78          0          0          0          0         80   rt_memclr_w.o
       100          0          0          0          0         80   rt_memcpy_w.o
         2          0          0          0          0          0   rtexit.o
        10          0          0          0          0          0   rtexit2.o
        12          4          0          0          0         68   sys_exit.o
        74          0          0          0          0         80   sys_stackheap_outer.o
        14          0          0          0          0         76   sys_wrch.o
         2          0          0          0          0         68   use_no_semi.o
        98          4          0          0          0         92   d2f.o
       156          4          0          0          0         92   dnaninf.o
       450          8          0          0          0        236   faddsub_clz.o
        62          4          0          0          0         84   ffixu.o
        38          0          0          0          0         68   fflt_clz.o
       258          4          0          0          0         84   fmul.o
       140          4          0          0          0         84   fnaninf.o
        10          0          0          0          0         68   fretinf.o
         0          0          0          0          0          0   usenofp.o

    ----------------------------------------------------------------------
      2244        106          0          0         96       2624   Library Totals
        18          0          0          0          0          0   (incl. Padding)

    ----------------------------------------------------------------------

      Code (inc. data)   RO Data    RW Data    ZI Data      Debug   Library Name

      1014         78          0          0         96       1816   c_w.l
      1212         28          0          0          0        808   fz_ws.l

    ----------------------------------------------------------------------
      2244        106          0          0         96       2624   Library Totals

    ----------------------------------------------------------------------

==============================================================================


      Code (inc. data)   RO Data    RW Data    ZI Data      Debug   

     16436        598       1672         80       6032     103959   Grand Totals
     16436        598       1672         80       6032     103959   ELF Image Totals
     16436        598       1672         80          0          0   ROM Totals

==============================================================================

    Total RO  Size (Code + RO Data)                18108 (  17.68kB)
    Total RW  Size (RW Data + ZI Data)              6112 (   5.97kB)
    Total ROM Size (Code + RO Data + RW Data)      18188 (  17.76kB)

==============================================================================

